******************************************************************************
                  TI ARM Linker PC v16.9.6                     
******************************************************************************
>> Linked Tue Jul 09 15:36:29 2019

OUTPUT FILE NAME:   <xwr14xx/xwr14xx_lvds_stream_mss.xer4f>
ENTRY POINT SYMBOL: "_c_int00"  address: 0000fb18


MEMORY CONFIGURATION

         name            origin    length      used     unused   attr    fill
----------------------  --------  ---------  --------  --------  ----  --------
  VECTORS               00000000   00000100  0000003c  000000c4     X
  PROG_RAM              00000100   0001ff00  00017266  00008c9a  R  X
  DATA_RAM              08000000   00010000  0000c9fc  00003604  RW  
  L3_RAM                51000000   00060000  00004280  0005bd80  RW  
  HWA_RAM               52030000   00010000  00000000  00010000  RW  


SEGMENT ALLOCATION MAP

run origin  load origin   length   init length attrs members
----------  ----------- ---------- ----------- ----- -------
00000000    00000000    0000003c   0000003c    r--
  00000000    00000000    0000003c   0000003c    r-- .vecs
00000100    00000100    00017270   00017270    r-x
  00000100    00000100    00014642   00014642    r-x .text
  00014748    00014748    0000273c   0000273c    r-- .const
  00016e88    00016e88    000004e8   000004e8    r-- .cinit
08000000    08000000    0000ca00   00000000    rw-
  08000000    08000000    00008000   00000000    rw- systemHeap
  08008000    08008000    000020ec   00000000    rw- .bss
  0800a0ec    0800a0ec    00001090   00000000    rw- .data
  0800b17c    0800b17c    00001000   00000000    rw- .stack
  0800c180    0800c180    00000800   00000000    rw- .myFiqStack
  0800c980    0800c980    00000080   00000000    rw- .swBuffer2
51000000    51000000    00004280   00000000    rw-
  51000000    51000000    00004000   00000000    rw- .dataCubeMemory
  51004000    51004000    00000200   00000000    rw- .cbuffHeader
  51004200    51004200    00000080   00000000    rw- .swBuffer1


SECTION ALLOCATION MAP

 output                                  attributes/
section   page    origin      length       input sections
--------  ----  ----------  ----------   ----------------
.vecs      0    00000000    0000003c     
                  00000000    0000003c     mss_per4ft.oer4ft (.vecs)

.text      0    00000100    00014642     
                  00000100    0000107a     rtsv7R4_T_le_v3D16_eabi.lib : _printfi.obj (.text)
                  0000117a    00000002     libadcbuf_xwr14xx.aer4f : adcbuf_mmwave.oer4f (.text:ADCBUF_MMWave_init)
                  0000117c    000004dc     mss.oer4f (.text:LVDSStream_start)
                  00001658    0000042c     libadcbuf_xwr14xx.aer4f : adcbuf_mmwave.oer4f (.text:ADCBUF_MMWave_control)
                  00001a84    00000420     lvds_stream.oer4f (.text:TestFmkLVDSStream_finalizeCfg)
                  00001ea4    000003d0     libcli_xwr14xx.aer4f : cli_mmwave.oer4f (.text:CLI_MMWaveVersion)
                  00002274    000003c0     mss.oer4f (.text:LVDSStream_initTask)
                  00002634    00000390     mss.oer4f (.text:LVDSStream_reportFxn)
                  000029c4    0000034c     ti.targets.arm.rtsarm.aer4ft : System.oer4ft (.text:xdc_runtime_System_doPrint__I)
                  00002d10    00000318     sysbios.aer4ft : BIOS.obj (.text:ti_sysbios_knl_Semaphore_pend__E)
                  00003028    00000300     libcbuff_xwr14xx.aer4f : cbuff.oer4f (.text:CBUFF_createSession)
                  00003328    000002d4     libsoc_xwr14xx.aer4f : soc_xwr14xx.oer4f (.text:SOC_deviceInit)
                  000035fc    000002c2     framework_ipc.oer4f (.text:TestFmk_IPCProcessMsg)
                  000038be    00000002     libmmwave_xwr14xx.aer4f : mmwave_xwr14xx.oer4f (.text:MMWave_deviceEventFxn)
                  000038c0    000002b8     rtsv7R4_T_le_v3D16_eabi.lib : ull_div32.obj (.text)
                  00003b78    00000284     libhsiheader_xwr14xx.aer4f : hsiheader.oer4f (.text:HSIHeader_createHeader)
                  00003dfc    00000004     libcbuff_xwr14xx.aer4f : cbuff_csi.oer4f (.text:CBUFF_closeCSI)
                  00003e00    00000280     sysbios.aer4ft : BIOS.obj (.text:ti_sysbios_family_arm_exc_Exception_excDumpContext__I)
                  00004080    0000026c     cli.oer4f (.text:LVDSStream_CLITestFmkCfg)
                  000042ec    00000004     libcbuff_xwr14xx.aer4f : cbuff_csi.oer4f (.text:CBUFF_deinitCSI)
                  000042f0    0000025c     sysbios.aer4ft : BIOS.obj (.text:ti_sysbios_knl_Task_Instance_finalize__E)
                  0000454c    00000254     cli.oer4f (.text:LVDSStream_initCLI)
                  000047a0    00000250     libcbuff_xwr14xx.aer4f : cbuff.oer4f (.text:CBUFF_init)
                  000049f0    00000250     sysbios.aer4ft : BIOS.obj (.text:ti_sysbios_heaps_HeapMem_freeUnprotected__E)
                  00004c40    00000244     libcli_xwr14xx.aer4f : cli_mmwave.oer4f (.text:CLI_MMWaveProfileCfg)
                  00004e84    00000234     framework_core.oer4f (.text:TestFmk_loadProfile)
                  000050b8    0000022c     libcbuff_xwr14xx.aer4f : cbuff_lvds.oer4f (.text:CBUFF_openLVDS)
                  000052e4    00000224     libuart_xwr14xx.aer4f : uartsci.oer4f (.text:UartSci_open)
                  00005508    00000008     libosal_xwr14xx.aer4f : HwiP_tirtos.oer4f (.text:HwiP_disable)
                  00005510    00000218     sysbios.aer4ft : BIOS.obj (.text:ti_sysbios_knl_Task_sleep__E)
                  00005728    00000008     libmmwave_xwr14xx.aer4f : mmwave_xwr14xx.oer4f (.text:MMWave_deviceGetDeviceInfo)
                  00005730    0000020c     sysbios.aer4ft : BIOS.obj (.text:ti_sysbios_heaps_HeapMem_allocUnprotected__E)
                  0000593c    0000020a     libcbuff_xwr14xx.aer4f : cbuff_transfer.oer4f (.text:CBUFF_addLinkedList)
                  00005b46    00000002     libmmwave_xwr14xx.aer4f : mmwave_link.oer4f (.text:MMWave_maskHostIRQ)
                  00005b48    000001fc     cli.oer4f (.text:LVDSStream_CLISetLVDSStreamProfileCfg)
                  00005d44    000001f8     libcrc_xwr14xx.aer4f : crc.oer4f (.text:CRC_open)
                  00005f3c    000001e4     rtsv7R4_T_le_v3D16_eabi.lib : strtod.obj (.text)
                  00006120    000001dc     sysbios.aer4ft : BIOS.obj (.text:ti_sysbios_family_arm_v7r_vim_Hwi_dispatchIRQC__I)
                  000062fc    00000004     libcbuff_xwr14xx.aer4f : cbuff_lvds.oer4f (.text:CBUFF_deinitLVDS)
                  00006300    000001dc     sysbios.aer4ft : BIOS.obj (.text:ti_sysbios_knl_Task_Module_startup__E)
                  000064dc    000001d8     libcli_xwr14xx.aer4f : cli_mmwave.oer4f (.text:CLI_MMWaveChirpCfg)
                  000066b4    000001c8     rtsv7R4_T_le_v3D16_eabi.lib : fopen.obj (.text)
                  0000687c    000001c0     libcbuff_xwr14xx.aer4f : cbuff_edma.oer4f (.text:CBUFF_configEDMA)
                  00006a3c    00000004     libedma_xwr14xx.aer4f : edma.oer4f (.text:EDMA_getNumInstances)
                  00006a40    000001bc     sysbios.aer4ft : BIOS.obj (.text:ti_sysbios_knl_Task_Instance_init__E)
                  00006bfc    000001b4     libcbuff_xwr14xx.aer4f : cbuff_lvds.oer4f (.text:CBUFF_initLVDS)
                  00006db0    000001a8                            : cbuff.oer4f (.text:CBUFF_activateSession)
                  00006f58    000001a8     libcli_xwr14xx.aer4f : cli_mmwave.oer4f (.text:CLI_MMWaveSubFrameCfg)
                  00007100    00000184     libmmwavelink_xwr14xx.aer4f : rl_driver.oer4f (.text:rlDriverCmdInvoke)
                  00007284    00000180                                 : rl_driver.oer4f (.text:rlDriverRxHdrRead)
                  00007404    00000170     libedma_xwr14xx.aer4f : edma.oer4f (.text:EDMA_open)
                  00007574    0000000c     libcli_xwr14xx.aer4f : cli_mmwave.oer4f (.text:CLI_getMMWaveExtensionConfig)
                  00007580    00000170     sysbios.aer4ft : BIOS.obj (.text:ti_sysbios_family_arm_exc_Exception_excHandler__I)
                  000076f0    00000170                    : BIOS.obj (.text:ti_sysbios_timers_rti_Timer_Module_startup__E)
                  00007860    00000160     libmailbox_xwr14xx.aer4f : mailbox.oer4f (.text:Mailbox_open)
                  000079c0    0000015c     sysbios.aer4ft : BIOS.obj (.text:ti_sysbios_family_arm_v7r_vim_Hwi_reconfig__E)
                  00007b1c    00000156     mss.oer4f (.text:LVDSStream_configCQ)
                  00007c72    00000002     libuart_xwr14xx.aer4f : uartsci.oer4f (.text:UartSci_init)
                  00007c74    00000154     libedma_xwr14xx.aer4f : edma.oer4f (.text:EDMA_error_isr)
                  00007dc8    00000150     libmmwave_xwr14xx.aer4f : mmwave_link.oer4f (.text:MMWave_initMMWaveLink)
                  00007f18    00000150     framework_core.oer4f (.text:TestFmk_enableADC)
                  00008068    0000014c     libcli_xwr14xx.aer4f : cli_mmwave.oer4f (.text:CLI_MMWaveFrameCfg)
                  000081b4    0000014c                          : cli.oer4f (.text:CLI_task)
                  00008300    00000148     libmmwave_xwr14xx.aer4f : mmwave_link.oer4f (.text:MMWave_openLink)
                  00008448    00000008                             : mmwave_link.oer4f (.text:MMWave_mboxCallbackFxn)
                  00008450    00000148     sysbios.aer4ft : BIOS.obj (.text:ti_sysbios_knl_Semaphore_post__E)
                  00008598    00000144     libhsiheader_xwr14xx.aer4f : hsiheader.oer4f (.text:HSIHeader_init)
                  000086dc    00000004     libosal_xwr14xx.aer4f : HwiP_tirtos.oer4f (.text:HwiP_disableInterrupt)
                  000086e0    00000140     sysbios.aer4ft : BIOS.obj (.text:ti_sysbios_heaps_HeapMem_Instance_init__E)
                  00008820    0000013e     libuart_xwr14xx.aer4f : uartsci.oer4f (.text:UartSci_ISR)
                  0000895e    00000002     rtsv7R4_T_le_v3D16_eabi.lib : i_div0.obj (.text)
                  00008960    0000013c     libedma_xwr14xx.aer4f : edma.oer4f (.text:EDMA_configChannel)
                  00008a9c    00000004     libosal_xwr14xx.aer4f : HwiP_tirtos.oer4f (.text:HwiP_enableInterrupt)
                  00008aa0    00000138     sysbios.aer4ft : BIOS.obj (.text:ti_sysbios_knl_Clock_workFunc__E)
                  00008bd8    0000012c     libcli_xwr14xx.aer4f : cli_mmwave.oer4f (.text:CLI_MMWaveContModeCfg)
                  00008d04    0000012c     lvds_stream.oer4f (.text:TestFmkLVDSStream_init)
                  00008e30    0000012c     ti.targets.arm.rtsarm.aer4ft : Error.oer4ft (.text:xdc_runtime_Error_policyDefault__E)
                  00008f5c    00000128     libmmwavelink_xwr14xx.aer4f : rl_driver.oer4f (.text:rlDriverMsgRead)
                  00009084    00000124     libcli_xwr14xx.aer4f : cli_mmwave.oer4f (.text:CLI_MMWaveAdvFrameCfg)
                  000091a8    00000124     libedma_xwr14xx.aer4f : edma.oer4f (.text:EDMA_init)
                  000092cc    00000114     libmmwavelink_xwr14xx.aer4f : rl_driver.oer4f (.text:rlDriverCmdSendRetry)
                  000093e0    00000114     sysbios.aer4ft : BIOS.obj (.text:ti_sysbios_family_arm_v7r_vim_Hwi_Instance_init__E)
                  000094f4    0000000c     libedma_xwr14xx.aer4f : edma_low_level.oer4f (.text:EDMA3ChannelToParamMap)
                  00009500    00000114     sysbios.aer4ft : BIOS.obj (.text:ti_sysbios_knl_Swi_run__I)
                  00009614    00000110     libedma_xwr14xx.aer4f : edma.oer4f (.text:EDMA_transferComplete_isr)
                  00009724    00000108     libmailbox_xwr14xx.aer4f : mailbox.oer4f (.text:Mailbox_write)
                  0000982c    00000100     libcli_xwr14xx.aer4f : cli_mmwave.oer4f (.text:CLI_MMWaveBPMCfgAdvanced)
                  0000992c    00000100     mss.oer4f (.text:LVDSStream_eventCallbackFxn)
                  00009a2c    00000100     libmmwave_xwr14xx.aer4f : mmwave_link.oer4f (.text:MMWave_startLink)
                  00009b2c    000000fc     libcbuff_xwr14xx.aer4f : cbuff.oer4f (.text:CBUFF_deinit)
                  00009c28    000000fc                            : cbuff.oer4f (.text:CBUFF_deleteSession)
                  00009d24    000000fc     libcrc_xwr14xx.aer4f : crc.oer4f (.text:CRC_computeSignature)
                  00009e20    000000fc     libmmwavelink_xwr14xx.aer4f : rl_driver.oer4f (.text:rlDriverInit)
                  00009f1c    000000f8                                 : rl_driver.oer4f (.text:rlDriverRdVerifyMsg)
                  0000a014    000000f8     ti.targets.arm.rtsarm.aer4ft : Startup.oer4ft (.text:xdc_runtime_Startup_startMods__I)
                  0000a10c    000000f8     mss_per4ft.oer4ft (.text:xdc_runtime_System_printfExtend__I)
                  0000a204    000000ec     rtsv7R4_T_le_v3D16_eabi.lib : s_scalbn.obj (.text)
                  0000a2f0    000000ec     sysbios.aer4ft : BIOS.obj (.text:ti_sysbios_family_arm_v7r_vim_Hwi_Module_startup__E)
                  0000a3dc    00000004     cli.oer4f (.text:LVDSStream_CLISensorStop)
                  0000a3e0    000000ec     sysbios.aer4ft : BIOS.obj (.text:ti_sysbios_heaps_HeapBuf_Module_startup__E)
                  0000a4cc    000000e8     ti.targets.arm.rtsarm.aer4ft : Core-mem.oer4ft (.text:xdc_runtime_Core_createObject__I)
                  0000a5b4    000000e4     libmmwave_xwr14xx.aer4f : mmwave_link.oer4f (.text:MMWave_asyncEventHandler)
                  0000a698    000000e2     libedma_xwr14xx.aer4f : edma.oer4f (.text:EDMA_paramConfig_assist)
                  0000a77a    00000002     mss_per4ft.oer4ft (.text:ti_sysbios_BIOS_nullFunc__I)
                  0000a77c    000000e0     libcli_xwr14xx.aer4f : cli.oer4f (.text:CLI_open)
                  0000a85c    000000dc     libcbuff_xwr14xx.aer4f : cbuff_transfer.oer4f (.text:CBUFF_setupNonInterleaved_ADC_CP)
                  0000a938    000000dc     libmmwave_xwr14xx.aer4f : mmwave.oer4f (.text:MMWave_init)
                  0000aa14    000000dc     libmailbox_xwr14xx.aer4f : mailbox.oer4f (.text:Mailbox_read)
                  0000aaf0    000000dc     rtsv7R4_T_le_v3D16_eabi.lib : setvbuf.obj (.text)
                  0000abcc    000000d8     libadcbuf_xwr14xx.aer4f : adcbuf_mmwave.oer4f (.text:ADCBUF_MMWave_open)
                  0000aca4    000000d8     libedma_xwr14xx.aer4f : edma.oer4f (.text:EDMA_configErrorMonitoring)
                  0000ad7c    000000d4     mss.oer4f (.text:main)
                  0000ae50    000000d4     libmmwavelink_xwr14xx.aer4f : rl_sensor.oer4f (.text:rlSetMultiBpmChirpConfig)
                  0000af24    0000000c     libedma_xwr14xx.aer4f : edma_low_level.oer4f (.text:EDMAsetRegion)
                  0000af30    000000d4     sysbios.aer4ft : BIOS.obj (.text:ti_sysbios_knl_Task_schedule__I)
                  0000b004    000000d0     libcbuff_xwr14xx.aer4f : cbuff_transfer.oer4f (.text:CBUFF_setupNonInterleaved_CP_ADC_CQ_USER)
                  0000b0d4    000000d0     sysbios.aer4ft : exc_Exception_asm.obj (.text:ti_sysbios_family_arm_exc_Exception_excHandlerAsm__I)
                  0000b1a4    0000000c     libmmwave_xwr14xx.aer4f : mmwave_osal.oer4f (.text:MMWave_osalMutexUnlock)
                  0000b1b0    000000d0     sysbios.aer4ft : BIOS.obj (.text:ti_sysbios_knl_Task_exit__E)
                  0000b280    000000d0     ti.targets.arm.rtsarm.aer4ft : Core-smem.oer4ft (.text:xdc_runtime_Core_constructObject__I)
                  0000b350    000000cc     libedma_xwr14xx.aer4f : edma.oer4f (.text:EDMA_transferController_error_isr)
                  0000b41c    000000cc     framework_core.oer4f (.text:TestFmk_ioctl)
                  0000b4e8    000000cc     libmmwavelink_xwr14xx.aer4f : rl_sensor.oer4f (.text:rlRfCalibDataRestore)
                  0000b5b4    000000cc                                 : rl_sensor.oer4f (.text:rlSetChirpConfig)
                  0000b680    000000cc     rtsv7R4_T_le_v3D16_eabi.lib : fflush.obj (.text)
                  0000b74c    000000c8     libcbuff_xwr14xx.aer4f : cbuff_transfer.oer4f (.text:CBUFF_setupNonInterleaved_CP_ADC)
                  0000b814    000000c8     libmmwave_xwr14xx.aer4f : mmwave_fullcfg.oer4f (.text:MMWave_addChirp)
                  0000b8dc    000000c8                             : mmwave_link.oer4f (.text:MMWave_configBPM)
                  0000b9a4    000000c8                             : mmwave_fullcfg.oer4f (.text:MMWave_flushCfg)
                  0000ba6c    000000c8                             : mmwave_fullcfg.oer4f (.text:MMWave_getChirpHandle)
                  0000bb34    000000c4     libcbuff_xwr14xx.aer4f : cbuff_transfer.oer4f (.text:CBUFF_setupInterleaved_CP_ADC_CQ_USER)
                  0000bbf8    000000c4                            : cbuff_transfer.oer4f (.text:CBUFF_setupNonInterleaved_CP_ADC_CQ)
                  0000bcbc    00000004     libmmwave_xwr14xx.aer4f : mmwave_xwr14xx.oer4f (.text:MMWave_deviceCfgFxn)
                  0000bcc0    000000c4     sysbios.aer4ft : BIOS.obj (.text:ti_sysbios_timers_rti_Timer_getFreq__E)
                  0000bd84    000000c0     libcbuff_xwr14xx.aer4f : cbuff_csi.oer4f (.text:CBUFF_finalizeCSILinkListParams)
                  0000be44    000000c0     libmmwavelink_xwr14xx.aer4f : rl_driver.oer4f (.text:rlDriverMsgWrite)
                  0000bf04    000000c0                                 : rl_sensor.oer4f (.text:rlSetFrameConfig)
                  0000bfc4    0000000c     libmmwave_xwr14xx.aer4f : mmwave_osal.oer4f (.text:MMWave_osalSemSignal)
                  0000bfd0    000000c0     sysbios.aer4ft : BIOS.obj (.text:ti_sysbios_timers_rti_Timer_startup__E)
                  0000c090    000000bc     libcbuff_xwr14xx.aer4f : cbuff_transfer.oer4f (.text:CBUFF_setupTransfer)
                  0000c14c    000000bc     libcli_xwr14xx.aer4f : cli.oer4f (.text:CLI_help)
                  0000c208    000000bc     libmmwave_xwr14xx.aer4f : mmwave_link.oer4f (.text:MMWave_computeCRC)
                  0000c2c4    000000bc     rtsv7R4_T_le_v3D16_eabi.lib : open.obj (.text)
                  0000c380    000000b8     libcbuff_xwr14xx.aer4f : cbuff.oer4f (.text:CBUFF_ISR)
                  0000c438    00000008     libosal_xwr14xx.aer4f : SemaphoreP_tirtos.oer4f (.text:SemaphoreP_Params_init)
                  0000c440    000000b8     sysbios.aer4ft : BIOS.obj (.text:ti_sysbios_knl_Task_postInit__I)
                  0000c4f8    000000b6     libsoc_xwr14xx.aer4f : soc_mpu.o (.text)
                  0000c5ae    00000002     mss_per4ft.oer4ft (.text:xdc_runtime_Startup_reset__I)
                  0000c5b0    000000b4     sysbios.aer4ft : BIOS.obj (.text:ti_sysbios_gates_GateMutex_enter__E)
                  0000c664    0000000c                    : arm_IntrinsicsSupport_asm.obj (.text:_ti_sysbios_family_arm_IntrinsicsSupport_maxbitA)
                  0000c670    000000b4                    : BIOS.obj (.text:ti_sysbios_knl_Task_checkStacks__E)
                  0000c724    0000000c     rtsv7R4_T_le_v3D16_eabi.lib : copy_zero_init.obj (.text:decompress:ZI)
                  0000c730    000000b4     sysbios.aer4ft : BIOS.obj (.text:ti_sysbios_knl_Task_startCore__E)
                  0000c7e4    000000b0     libcbuff_xwr14xx.aer4f : cbuff.oer4f (.text:CBUFF_deactivateSession)
                  0000c894    000000b0                            : cbuff_transfer.oer4f (.text:CBUFF_setupInterleaved_CP_ADC_CQ)
                  0000c944    000000b0     libmmwave_xwr14xx.aer4f : mmwave_fullcfg.oer4f (.text:MMWave_addProfile)
                  0000c9f4    000000b0     libmmwavelink_xwr14xx.aer4f : rl_sensor.oer4f (.text:rlSetProfileConfig)
                  0000caa4    000000ae     rtsv7R4_T_le_v3D16_eabi.lib : _io_perm.obj (.text)
                  0000cb52    00000002     --HOLE-- [fill = 0]
                  0000cb54    000000ac     libesm_xwr14xx.aer4f : esm.oer4f (.text:ESM_processInterrupt)
                  0000cc00    000000a8     libcli_xwr14xx.aer4f : cli_mmwave.oer4f (.text:CLI_MMWaveExtensionHelp)
                  0000cca8    000000a8     libedma_xwr14xx.aer4f : edma_low_level.oer4f (.text:EDMA3Init)
                  0000cd50    000000a8     libmmwave_xwr14xx.aer4f : mmwave_link.oer4f (.text:MMWave_configureProfileChirp)
                  0000cdf8    000000a8                             : mmwave_fullcfg.oer4f (.text:MMWave_getBpmChirpHandle)
                  0000cea0    000000a8     libpinmux_xwr14xx.aer4f : pinmux.oer4f (.text:Pinmux_Set_OverrideCtrl)
                  0000cf48    000000a8     libsoc_xwr14xx.aer4f : soc.oer4f (.text:SOC_deregisterSysIntListener)
                  0000cff0    000000a8     libmmwavelink_xwr14xx.aer4f : rl_sensor.oer4f (.text:rlSetAdvFrameConfig)
                  0000d098    000000a4     libesm_xwr14xx.aer4f : esm.oer4f (.text:ESM_init)
                  0000d13c    000000a4     libmmwave_xwr14xx.aer4f : mmwave_fullcfg.oer4f (.text:MMWave_addBpmChirp)
                  0000d1e0    000000a4                             : mmwave.oer4f (.text:MMWave_start)
                  0000d284    0000000c     libmmwavelink_xwr14xx.aer4f : rl_driver.oer4f (.text:rlDriverGetPlatformId)
                  0000d290    000000a4     sysbios.aer4ft : BIOS.obj (.text:ti_sysbios_knl_Swi_post__E)
                  0000d334    000000a0     libadcbuf_xwr14xx.aer4f : adcbuf_mmwave.oer4f (.text:ADCBUF_MMWave_getChanBufAddr)
                  0000d3d4    000000a0     libcbuff_xwr14xx.aer4f : cbuff_transfer.oer4f (.text:CBUFF_setupInterleaved_CP_ADC)
                  0000d474    000000a0     libsoc_xwr14xx.aer4f : soc.oer4f (.text:SOC_registerSysIntListener)
                  0000d514    000000a0     auto_init.aer4ft : auto_init.oer4ft (.text)
                  0000d5b4    000000a0     libmmwavelink_xwr14xx.aer4f : rl_driver.oer4f (.text:rlDriverWaitForResponse)
                  0000d654    0000009e     libuart_xwr14xx.aer4f : uartsci.oer4f (.text:UartSci_readChar)
                  0000d6f2    00000002     --HOLE-- [fill = 0]
                  0000d6f4    0000009c     libcbuff_xwr14xx.aer4f : cbuff_transfer.oer4f (.text:CBUFF_setupInterleaved_ADC_CP)
                  0000d790    0000009c     libmmwave_xwr14xx.aer4f : mmwave_link.oer4f (.text:MMWave_configLink)
                  0000d82c    0000009c                             : mmwave_fullcfg.oer4f (.text:MMWave_getProfileHandle)
                  0000d8c8    0000009c     lvds_stream.oer4f (.text:TestFmkLVDSStream_open)
                  0000d964    0000009c     libuart_xwr14xx.aer4f : uartsci.oer4f (.text:UartSci_write)
                  0000da00    0000009c     rtsv7R4_T_le_v3D16_eabi.lib : memcpy_t2.obj (.text)
                  0000da9c    00000004     libmmwave_xwr14xx.aer4f : mmwave_xwr14xx.oer4f (.text:MMWave_deviceExecuteFxn)
                  0000daa0    0000009c     sysbios.aer4ft : BIOS.obj (.text:ti_sysbios_family_arm_v7r_vim_Hwi_initIntController__I)
                  0000db3c    00000004     libmmwave_xwr14xx.aer4f : mmwave_xwr14xx.oer4f (.text:MMWave_deviceInitFxn)
                  0000db40    0000009c     sysbios.aer4ft : BIOS.obj (.text:ti_sysbios_family_arm_v7r_vim_Hwi_mapChannel__I)
                  0000dbdc    00000004     libmmwave_xwr14xx.aer4f : mmwave_xwr14xx.oer4f (.text:MMWave_deviceOpenFxn)
                  0000dbe0    0000009c     sysbios.aer4ft : BIOS.obj (.text:ti_sysbios_knl_Semaphore_Instance_init__E)
                  0000dc7c    00000004     libmmwave_xwr14xx.aer4f : mmwave_xwr14xx.oer4f (.text:MMWave_deviceStartFxn)
                  0000dc80    0000009c     sysbios.aer4ft : BIOS.obj (.text:ti_sysbios_knl_Task_blockI__E)
                  0000dd1c    0000009a     ti.targets.arm.rtsarm.aer4ft : Text.oer4ft (.text:xdc_runtime_Text_putSite__E)
                  0000ddb6    00000002     --HOLE-- [fill = 0]
                  0000ddb8    00000098     libmmwave_xwr14xx.aer4f : mmwave_fullcfg.oer4f (.text:MMWave_getChirpCfg)
                  0000de50    00000098                             : mmwave_link.oer4f (.text:MMWave_initLink)
                  0000dee8    00000098     rtsv7R4_T_le_v3D16_eabi.lib : fclose.obj (.text)
                  0000df80    00000098                                 : fputc.obj (.text)
                  0000e018    00000098     sysbios.aer4ft : vim_Hwi_asm_switch.obj (.text)
                  0000e0b0    00000098     ti.targets.arm.rtsarm.aer4ft : Text.oer4ft (.text:xdc_runtime_Text_putMod__E)
                  0000e148    00000096     lvds_stream.oer4f (.text:TestFmkLVDSStream_execute)
                  0000e1de    00000094     libcbuff_xwr14xx.aer4f : cbuff_transfer.oer4f (.text:CBUFF_setupNonInterleaved_ADC)
                  0000e272    00000002     --HOLE-- [fill = 0]
                  0000e274    00000094     libsoc_xwr14xx.aer4f : soc_xwr14xx.oer4f (.text:SOC_translateAddress)
                  0000e308    00000094     libmmwavelink_xwr14xx.aer4f : rl_driver.oer4f (.text:rlDriverDeInit)
                  0000e39c    00000094                                 : rl_driver.oer4f (.text:rlDriverMsgReadCmdCtx)
                  0000e430    00000094     sysbios.aer4ft : vim_Hwi_asm.obj (.text:ti_sysbios_family_arm_v7r_vim_Hwi_dispatchIRQ__I)
                  0000e4c4    00000090     libcbuff_xwr14xx.aer4f : cbuff_transfer.oer4f (.text:CBUFF_setupNonInterleaved_ADC_USER)
                  0000e554    00000090     mss.oer4f (.text:LVDSStream_stop)
                  0000e5e4    00000090     libmailbox_xwr14xx.aer4f : mailbox.oer4f (.text:Mailbox_close)
                  0000e674    00000090     libuart_xwr14xx.aer4f : uartsci.oer4f (.text:UartSci_read)
                  0000e704    0000008c     libcbuff_xwr14xx.aer4f : cbuff_csi.oer4f (.text:CBUFF_initCSI)
                  0000e790    0000008c     libcli_xwr14xx.aer4f : cli_mmwave.oer4f (.text:CLI_MMWaveDataOutputMode)
                  0000e81c    0000008c     lvds_stream.oer4f (.text:TestFmkLVDSStream_EDMAAllocateCBUFFChannel)
                  0000e8a8    0000008c     libmmwavelink_xwr14xx.aer4f : rl_device.oer4f (.text:rlDevicePowerOn)
                  0000e934    0000008c                                 : rl_driver.oer4f (.text:rlDriverMsgCmdReply)
                  0000e9c0    0000008c     sysbios.aer4ft : BIOS.obj (.text:ti_sysbios_family_arm_v7r_vim_Hwi_Instance_finalize__E)
                  0000ea4c    00000004     libmmwave_xwr14xx.aer4f : mmwave_xwr14xx.oer4f (.text:MMWave_deviceStopFxn)
                  0000ea50    0000008c     sysbios.aer4ft : BIOS.obj (.text:ti_sysbios_knl_Task_unblockI__E)
                  0000eadc    00000088     libcbuff_xwr14xx.aer4f : cbuff_transfer.oer4f (.text:CBUFF_setupInterleaved_ADC_USER)
                  0000eb64    00000088     libmmwave_xwr14xx.aer4f : mmwave_fullcfg.oer4f (.text:MMWave_getProfileCfg)
                  0000ebec    00000088     rtsv7R4_T_le_v3D16_eabi.lib : vsnprintf.obj (.text)
                  0000ec74    00000086     libcbuff_xwr14xx.aer4f : cbuff_edma.oer4f (.text:CBUFF_closeEDMA)
                  0000ecfa    00000002     --HOLE-- [fill = 0]
                  0000ecfc    00000084     libmmwave_xwr14xx.aer4f : mmwave_fullcfg.oer4f (.text:MMWave_getNumBpmChirp)
                  0000ed80    00000084                             : mmwave_fullcfg.oer4f (.text:MMWave_getNumProfiles)
                  0000ee04    00000084     libsoc_xwr14xx.aer4f : soc.oer4f (.text:SOC_init)
                  0000ee88    00000081     libcbuff_xwr14xx.aer4f : cbuff_edma.oer4f (.text:CBUFF_setupEDMAShadowLink)
                  0000ef09    00000003     --HOLE-- [fill = 0]
                  0000ef0c    00000080     libcli_xwr14xx.aer4f : cli_mmwave.oer4f (.text:CLI_MMWaveChannelCfg)
                  0000ef8c    00000080     lvds_stream.oer4f (.text:TestFmkLVDSStream_EDMAFreeCBUFFChannel)
                  0000f00c    00000080     lvds_stream.oer4f (.text:TestFmkLVDSStream_HwTriggerFrameDone)
                  0000f08c    00000080     libuart_xwr14xx.aer4f : uartsci.oer4f (.text:UartSci_writePolling)
                  0000f10c    00000080     libmmwavelink_xwr14xx.aer4f : rl_driver.oer4f (.text:rlDriverExecuteGetApi)
                  0000f18c    00000004     libmmwave_xwr14xx.aer4f : mmwave_xwr14xx.oer4f (.text:MMWave_deviceSyncFxn)
                  0000f190    00000080     sysbios.aer4ft : BIOS.obj (.text:ti_sysbios_timers_rti_Timer_initDevice__I)
                  0000f210    0000007e     libosal_xwr14xx.aer4f : HwiP_tirtos.oer4f (.text:HwiP_create)
                  0000f28e    00000002     --HOLE-- [fill = 0]
                  0000f290    0000007e     lvds_stream.oer4f (.text:TestFmkLVDSStream_stop)
                  0000f30e    00000002     --HOLE-- [fill = 0]
                  0000f310    0000007d     libcbuff_xwr14xx.aer4f : cbuff_lvds.oer4f (.text:CBUFF_initLVDSLinkListParams)
                  0000f38d    00000003     --HOLE-- [fill = 0]
                  0000f390    0000007c                            : cbuff.oer4f (.text:CBUFF_control)
                  0000f40c    0000007c     libmmwave_xwr14xx.aer4f : mmwave.oer4f (.text:MMWave_open)
                  0000f488    0000007c     lvds_stream.oer4f (.text:TestFmkLVDSStream_SwTriggerFrameDone)
                  0000f504    0000007c     libuart_xwr14xx.aer4f : uartsci.oer4f (.text:UartSci_readPolling)
                  0000f580    0000007c     sysbios.aer4ft : arm_TaskSupport_asm.obj (.text:_ti_sysbios_family_arm_TaskSupport_buildTaskStack)
                  0000f5fc    0000007a     rtsv7R4_T_le_v3D16_eabi.lib : memset_t2.obj (.text)
                  0000f676    00000002     --HOLE-- [fill = 0]
                  0000f678    00000078     libadcbuf_xwr14xx.aer4f : adcbuf_mmwave.oer4f (.text:ADCBUF_MMWave_getCQBufAddr)
                  0000f6f0    00000078     libcbuff_xwr14xx.aer4f : cbuff_transfer.oer4f (.text:CBUFF_configUserBufferEDMA)
                  0000f768    00000078                            : cbuff.oer4f (.text:CBUFF_setVC)
                  0000f7e0    00000078     libcli_xwr14xx.aer4f : cli_mmwave.oer4f (.text:CLI_MMWaveADCCfg)
                  0000f858    00000078     libmmwave_xwr14xx.aer4f : mmwave_fullcfg.oer4f (.text:MMWave_getNumChirps)
                  0000f8d0    00000078     lvds_stream.oer4f (.text:TestFmkLVDSStream_control)
                  0000f948    00000074     libcbuff_xwr14xx.aer4f : cbuff_csi.oer4f (.text:CBUFF_initCSILinkListParams)
                  0000f9bc    00000074                            : cbuff_transfer.oer4f (.text:CBUFF_setupInterleaved_ADC)
                  0000fa30    00000074     libedma_xwr14xx.aer4f : edma.oer4f (.text:EDMA_configParamSet)
                  0000faa4    00000074     libmmwave_xwr14xx.aer4f : mmwave.oer4f (.text:MMWave_config)
                  0000fb18    00000074     boot.aer4ft : boot.oer4ft (.text)
                  0000fb8c    00000074     libmmwavelink_xwr14xx.aer4f : rl_driver.oer4f (.text:rlDriverAsyncEventHandler)
                  0000fc00    00000074                                 : rl_driver.oer4f (.text:rlDriverProcRdMsg)
                  0000fc74    00000074     rtsv7R4_T_le_v3D16_eabi.lib : getdevice.obj (.text)
                  0000fce8    00000074                                 : s_frexp.obj (.text)
                  0000fd5c    00000072     libmmwavelink_xwr14xx.aer4f : rl_driver.oer4f (.text:rlDriverClientCbCheck)
                  0000fdce    00000002     --HOLE-- [fill = 0]
                  0000fdd0    00000070     libhsiheader_xwr14xx.aer4f : hsiheader.oer4f (.text:HSIHeader_deleteHeader)
                  0000fe40    00000070     libmailbox_xwr14xx.aer4f : mailbox.oer4f (.text:Mailbox_init)
                  0000feb0    00000070     framework_core.oer4f (.text:TestFmk_init)
                  0000ff20    00000070     ti.targets.arm.rtsarm.aer4ft : Error.oer4ft (.text:xdc_runtime_Error_print__E)
                  0000ff90    0000006d                                  : System.oer4ft (.text:xdc_runtime_System_formatNum__I)
                  0000fffd    00000003     --HOLE-- [fill = 0]
                  00010000    0000006c     libmmwave_xwr14xx.aer4f : mmwave_link.oer4f (.text:MMWave_spawn)
                  0001006c    0000006c                             : mmwave_link.oer4f (.text:MMWave_stopLink)
                  000100d8    0000006c     libpinmux_xwr14xx.aer4f : pinmux.oer4f (.text:Pinmux_Set_FuncSel)
                  00010144    0000006c     rtsv7R4_T_le_v3D16_eabi.lib : copy_decompress_lzss.obj (.text:decompress:lzss)
                  000101b0    0000006c                                 : trgmsg.obj (.text)
                  0001021c    0000006c     ti.targets.arm.rtsarm.aer4ft : Memory.oer4ft (.text:xdc_runtime_Memory_alloc__E)
                  00010288    0000006a     libuart_xwr14xx.aer4f : uartsci.oer4f (.text:UartSci_control)
                  000102f2    00000002     --HOLE-- [fill = 0]
                  000102f4    00000068     framework_ipc_local.oer4f (.text:TestFmk_IPCLocalSend)
                  0001035c    00000068     libmmwavelink_xwr14xx.aer4f : rl_driver.oer4f (.text:rlDriverExecuteSetApi)
                  000103c4    00000068                                 : rl_driver.oer4f (.text:rlDriverHostIrqHandler)
                  0001042c    00000068     rtsv7R4_T_le_v3D16_eabi.lib : hostlseek.obj (.text)
                  00010494    00000068                                 : hostrename.obj (.text)
                  000104fc    00000066     libmmwavelink_xwr14xx.aer4f : rl_device.oer4f (.text:rlDevicePowerOff)
                  00010562    00000066     ti.targets.arm.rtsarm.aer4ft : Core-mem.oer4ft (.text:xdc_runtime_Core_deleteObject__I)
                  000105c8    00000064     libcli_xwr14xx.aer4f : cli_mmwave.oer4f (.text:CLI_MMWaveLowPowerCfg)
                  0001062c    00000064     libedma_xwr14xx.aer4f : edma.oer4f (.text:EDMA_startDmaTransfer)
                  00010690    00000064     libmailbox_xwr14xx.aer4f : mailbox.oer4f (.text:Mailbox_boxEmptyISRBss)
                  000106f4    00000064                              : mailbox.oer4f (.text:Mailbox_readFlush)
                  00010758    00000064     libosal_xwr14xx.aer4f : SemaphoreP_tirtos.oer4f (.text:SemaphoreP_create)
                  000107bc    00000064     rtsv7R4_T_le_v3D16_eabi.lib : fseek.obj (.text)
                  00010820    00000064                                 : sprintf.obj (.text)
                  00010884    00000064     sysbios.aer4ft : exc_Exception_asm.obj (.text:ti_sysbios_family_arm_exc_Exception_initCore0__I)
                  000108e8    00000008     libmmwavelink_xwr14xx.aer4f : rl_driver.oer4f (.text:rlDriverConstructOutMsg)
                  000108f0    00000064     sysbios.aer4ft : BIOS.obj (.text:ti_sysbios_knl_Swi_schedule__I)
                  00010954    00000060     libcli_xwr14xx.aer4f : cli_mmwave.oer4f (.text:CLI_MMWaveExtensionHandler)
                  000109b4    00000060     libmmwave_xwr14xx.aer4f : mmwave_xwr14xx.oer4f (.text:MMWave_deviceCfgAsyncEvent)
                  00010a14    00000060                             : mmwave_link.oer4f (.text:MMWave_mboxOpen)
                  00010a74    00000060     libuart_xwr14xx.aer4f : uartsci.oer4f (.text:UartSci_writeChar)
                  00010ad4    0000000c     mss_per4ft.oer4ft (.text:ti_sysbios_knl_Queue_Object__get__S)
                  00010ae0    00000060     sysbios.aer4ft : BIOS.obj (.text:ti_sysbios_knl_Clock_logTick__E)
                  00010b40    0000005c     libosal_xwr14xx.aer4f : DebugP_tirtos.oer4f (.text:DebugP_log2)
                  00010b9c    0000005c                           : DebugP_tirtos.oer4f (.text:DebugP_log3)
                  00010bf8    0000005c     libmmwave_xwr14xx.aer4f : mmwave.oer4f (.text:MMWave_stop)
                  00010c54    0000005c     libsoc_xwr14xx.aer4f : soc.oer4f (.text:SOC_enableLVDS)
                  00010cb0    0000005c     rtsv7R4_T_le_v3D16_eabi.lib : hostopen.obj (.text)
                  00010d0c    0000005c                                 : hostread.obj (.text)
                  00010d68    00000008     libmmwavelink_xwr14xx.aer4f : rl_driver.oer4f (.text:rlDriverGetHandle)
                  00010d70    0000005c     sysbios.aer4ft : BIOS.obj (.text:ti_sysbios_family_arm_v7r_vim_Hwi_phantomIntHandler__I)
                  00010dcc    0000005b     ti.targets.arm.rtsarm.aer4ft : Text.oer4ft (.text:xdc_runtime_Text_putLab__E)
                  00010e27    00000001     --HOLE-- [fill = 0]
                  00010e28    0000005a     framework_core.oer4f (.text:TestFmk_edmaErrorFxn)
                  00010e82    00000002     --HOLE-- [fill = 0]
                  00010e84    0000005a     framework_core.oer4f (.text:TestFmk_edmaTCErrorFxn)
                  00010ede    0000005a     libuart_xwr14xx.aer4f : uartsci.oer4f (.text:UartSci_readCancel)
                  00010f38    0000005a     libmmwavelink_xwr14xx.aer4f : rl_driver.oer4f (.text:rlDriverCalChkSum)
                  00010f92    00000002     --HOLE-- [fill = 0]
                  00010f94    00000058     libosal_xwr14xx.aer4f : DebugP_tirtos.oer4f (.text:DebugP_log0)
                  00010fec    00000058                           : DebugP_tirtos.oer4f (.text:DebugP_log1)
                  00011044    00000058     libedma_xwr14xx.aer4f : edma_low_level.oer4f (.text:EDMA3EnableChInShadowReg)
                  0001109c    00000058     libesm_xwr14xx.aer4f : esm.oer4f (.text:ESM_highpriority_FIQ)
                  000110f4    00000058     mss.oer4f (.text:LVDSStream_fmkTask)
                  0001114c    00000058     mss.oer4f (.text:LVDSStream_mmWaveCtrlTask)
                  000111a4    00000058     libmmwave_xwr14xx.aer4f : mmwave.oer4f (.text:MMWave_execute)
                  000111fc    00000058     libmailbox_xwr14xx.aer4f : mailbox.oer4f (.text:Mailbox_boxFullISRBss)
                  00011254    00000058     libmmwavelink_xwr14xx.aer4f : rl_driver.oer4f (.text:rlDriverMsgReadSpawnCtx)
                  000112ac    00000058     rtsv7R4_T_le_v3D16_eabi.lib : close.obj (.text)
                  00011304    00000058                                 : hostwrite.obj (.text)
                  0001135c    00000004     libmmwave_xwr14xx.aer4f : mmwave_link.oer4f (.text:MMWave_disableDevice)
                  00011360    00000058     sysbios.aer4ft : BIOS.obj (.text:ti_sysbios_heaps_HeapMem_alloc__E)
                  000113b8    00000006     libedma_xwr14xx.aer4f : edma_low_level.oer4f (.text:EDMA3ClrCCErr)
                  000113be    00000002     --HOLE-- [fill = 0]
                  000113c0    00000058     sysbios.aer4ft : BIOS.obj (.text:ti_sysbios_knl_Swi_restoreHwi__E)
                  00011418    00000056     libmmwavelink_xwr14xx.aer4f : rl_driver.oer4f (.text:rlDriverOsiCbCheck)
                  0001146e    00000002     --HOLE-- [fill = 0]
                  00011470    00000054     libcrc_xwr14xx.aer4f : crc.oer4f (.text:CRC_getTransactionId)
                  000114c4    00000054     framework_ipc.oer4f (.text:TestFmk_IPCRecv)
                  00011518    00000054     rtsv7R4_T_le_v3D16_eabi.lib : ltoa.obj (.text)
                  0001156c    00000054     mss_per4ft.oer4ft (.text:ti_sysbios_family_arm_v7r_vim_Hwi_create)
                  000115c0    00000054     sysbios.aer4ft : BIOS.obj (.text:ti_sysbios_heaps_HeapMem_getStats__E)
                  00011614    0000000c     ti.targets.arm.rtsarm.aer4ft : Gate.oer4ft (.text:xdc_runtime_Gate_enterSystem__E)
                  00011620    00000054     sysbios.aer4ft : BIOS.obj (.text:ti_sysbios_knl_Swi_runLoop__I)
                  00011674    00000054     ti.targets.arm.rtsarm.aer4ft : Assert.oer4ft (.text:xdc_runtime_Assert_raise__I)
                  000116c8    00000050     libcrc_xwr14xx.aer4f : crc.oer4f (.text:CRC_getSignature)
                  00011718    00000050     libedma_xwr14xx.aer4f : edma_low_level.oer4f (.text:EDMA3MapChToEvtQ)
                  00011768    00000050     libmmwave_xwr14xx.aer4f : mmwave.oer4f (.text:MMWave_sync)
                  000117b8    00000050     framework_core.oer4f (.text:TestFmk_open)
                  00011808    00000050     framework_core.oer4f (.text:TestFmk_start)
                  00011858    00000050     libmmwavelink_xwr14xx.aer4f : rl_driver.oer4f (.text:rlDeviceIdentifyCmdDir)
                  000118a8    00000050                                 : rl_driver.oer4f (.text:rlDriverVerifyCRC)
                  000118f8    00000050     rtsv7R4_T_le_v3D16_eabi.lib : atoi.obj (.text)
                  00011948    00000050                                 : exit.obj (.text)
                  00011998    00000050                                 : u_div32.obj (.text)
                  000119e8    00000050     ti.targets.arm.rtsarm.aer4ft : Startup.oer4ft (.text:xdc_runtime_Startup_exec__E)
                  00011a38    00000050                                  : Text.oer4ft (.text:xdc_runtime_Text_visitRope2__I)
                  00011a88    0000004c     libedma_xwr14xx.aer4f : edma.oer4f (.text:EDMA_disableChannel)
                  00011ad4    0000004c                           : edma.oer4f (.text:EDMA_enableChannel)
                  00011b20    0000004c     lvds_stream.oer4f (.text:TestFmkLVDSStream_start)
                  00011b6c    0000004c     libuart_xwr14xx.aer4f : uartsci.oer4f (.text:UartSci_writeCancel)
                  00011bb8    0000004c     rtsv7R4_T_le_v3D16_eabi.lib : cpy_tbl.obj (.text)
                  00011c04    0000000c     ti.targets.arm.rtsarm.aer4ft : Memory.oer4ft (.text:xdc_runtime_Memory_calloc__E)
                  00011c10    0000004c     sysbios.aer4ft : BIOS.obj (.text:ti_sysbios_family_arm_v7r_vim_Hwi_getStackInfo__E)
                  00011c5c    00000004     libmmwave_xwr14xx.aer4f : mmwave_link.oer4f (.text:MMWave_enableDevice)
                  00011c60    0000004c     sysbios.aer4ft : BIOS.obj (.text:ti_sysbios_knl_Swi_startup__E)
                  00011cac    0000004c     mss_per4ft.oer4ft (.text:ti_sysbios_knl_Task_create)
                  00011cf8    00000048     libcbuff_xwr14xx.aer4f : cbuff_transfer.oer4f (.text:CBUFF_setup_USER)
                  00011d40    00000048     libcli_xwr14xx.aer4f : cli.oer4f (.text:CLI_write)
                  00011d88    00000048     framework_core.oer4f (.text:TestFmk_execute)
                  00011dd0    00000048     framework_core.oer4f (.text:TestFmk_stop)
                  00011e18    00000048     libmmwavelink_xwr14xx.aer4f : rl_device.oer4f (.text:rlDeviceGetVersion)
                  00011e60    00000048                                 : rl_driver.oer4f (.text:rlDriverOsiInit)
                  00011ea8    00000048     ti.targets.arm.rtsarm.aer4ft : Core-params.oer4ft (.text:xdc_runtime_Core_assignParams__I)
                  00011ef0    00000046     libmailbox_xwr14xx.aer4f : mailbox.oer4f (.text:CSL_FINSR)
                  00011f36    00000044     libcrc_xwr14xx.aer4f : crc.oer4f (.text:CRC_resetSignature)
                  00011f7a    00000002     --HOLE-- [fill = 0]
                  00011f7c    00000044     rtsv7R4_T_le_v3D16_eabi.lib : hostclose.obj (.text)
                  00011fc0    00000044                                 : hostunlink.obj (.text)
                  00012004    0000000c     ti.targets.arm.rtsarm.aer4ft : Memory.oer4ft (.text:xdc_runtime_Memory_getMaxDefaultTypeAlign__E)
                  00012010    00000044     sysbios.aer4ft : BIOS.obj (.text:ti_sysbios_knl_Task_allBlockedFunction__I)
                  00012054    00000044     ti.targets.arm.rtsarm.aer4ft : Error.oer4ft (.text:xdc_runtime_Error_setX__E)
                  00012098    00000044                                  : Text.oer4ft (.text:xdc_runtime_Text_xprintf__I)
                  000120dc    00000042     libcbuff_xwr14xx.aer4f : cbuff_lvds.oer4f (.text:CBUFF_closeLVDS)
                  0001211e    00000042     libmmwave_xwr14xx.aer4f : mmwave_link.oer4f (.text:MMWave_executeLink)
                  00012160    00000040     libedma_xwr14xx.aer4f : edma.oer4f (.text:EDMA_linkParamSets)
                  000121a0    00000040     libmmwave_xwr14xx.aer4f : mmwave.oer4f (.text:MMWave_decodeError)
                  000121e0    00000040     libmmwavelink_xwr14xx.aer4f : rl_driver.oer4f (.text:rlDriverValidateHdr)
                  00012220    00000040     rtsv7R4_T_le_v3D16_eabi.lib : strtok.obj (.text)
                  00012260    00000040     sysbios.aer4ft : BIOS.obj (.text:ti_sysbios_timers_rti_Timer_stop__E)
                  000122a0    0000003e     libcbuff_xwr14xx.aer4f : cbuff_transfer.oer4f (.text:CBUFF_configCQEDMA)
                  000122de    0000003e     libadcbuf_xwr14xx.aer4f : adcbuf_mmwave.oer4f (.text:CSL_FINSR)
                  0001231c    0000003e     libcbuff_xwr14xx.aer4f : cbuff.oer4f (.text:CSL_FINSR)
                  0001235a    0000003e                            : cbuff_lvds.oer4f (.text:CSL_FINSR)
                  00012398    0000003e     libcrc_xwr14xx.aer4f : crc.oer4f (.text:CSL_FINSR)
                  000123d6    0000003e     libpinmux_xwr14xx.aer4f : pinmux.oer4f (.text:CSL_FINSR)
                  00012414    0000003e     libsoc_xwr14xx.aer4f : soc.oer4f (.text:CSL_FINSR)
                  00012452    0000003e     libuart_xwr14xx.aer4f : uartsci.oer4f (.text:CSL_FINSR)
                  00012490    0000003e                           : uartsci.oer4f (.text:UartSci_close)
                  000124ce    00000002     --HOLE-- [fill = 0]
                  000124d0    0000003c     libcli_xwr14xx.aer4f : cli_mmwave.oer4f (.text:CLI_MMWaveFlushCfg)
                  0001250c    0000003c     libedma_xwr14xx.aer4f : edma.oer4f (.text:EDMA_chainChannels)
                  00012548    0000003c     libmailbox_xwr14xx.aer4f : mailbox.oer4f (.text:Mailbox_writeReset)
                  00012584    0000003c     libsoc_xwr14xx.aer4f : soc.oer4f (.text:SOC_unhaltBSS)
                  000125c0    0000003c     lvds_stream.oer4f (.text:TestFmkLVDSStream_deinit)
                  000125fc    0000003c     framework_ipc_local.oer4f (.text:TestFmk_IPCLocalRecv)
                  00012638    0000003c     libmmwavelink_xwr14xx.aer4f : rl_controller.oer4f (.text:rlGetSubBlock)
                  00012674    0000000c     ti.targets.arm.rtsarm.aer4ft : Startup.oer4ft (.text:xdc_runtime_Startup_rtsDone__E)
                  00012680    0000003c     sysbios.aer4ft : BIOS.obj (.text:ti_sysbios_family_arm_v7r_tms570_Core_Module_startup__E)
                  000126bc    0000003c                    : vim_Hwi_asm.obj (.text:ti_sysbios_family_arm_v7r_vim_Hwi_init__I)
                  000126f8    00000006     libedma_xwr14xx.aer4f : edma_low_level.oer4f (.text:EDMA3ErrIntrHighStatusGet)
                  000126fe    00000002     --HOLE-- [fill = 0]
                  00012700    0000003c     sysbios.aer4ft : BIOS.obj (.text:ti_sysbios_heaps_HeapMem_init__I)
                  0001273c    00000004     libmmwave_xwr14xx.aer4f : mmwave_listlib.oer4f (.text:MMWave_listGetHead)
                  00012740    0000003c     sysbios.aer4ft : BIOS.obj (.text:ti_sysbios_timers_rti_Timer_setPeriod__E)
                  0001277c    0000003a     libosal_xwr14xx.aer4f : HwiP_tirtos.oer4f (.text:HwiP_delete)
                  000127b6    00000002     --HOLE-- [fill = 0]
                  000127b8    00000038     libadcbuf_xwr14xx.aer4f : adcbuf_mmwave.oer4f (.text:ADCBUF_MMWave_close)
                  000127f0    00000038     libcbuff_xwr14xx.aer4f : cbuff_transfer.oer4f (.text:CBUFF_addUserBufferLLEntry)
                  00012828    00000038                            : cbuff_transfer.oer4f (.text:CBUFF_setupHeader)
                  00012860    00000038     libedma_xwr14xx.aer4f : edma_low_level.oer4f (.text:EDMA3ClrMissEvt)
                  00012898    00000038     libuart_xwr14xx.aer4f : UART.oer4f (.text:UART_init)
                  000128d0    00000038     ti.targets.arm.rtsarm.aer4ft : System.oer4ft (.text:xdc_runtime_System_atexit__E)
                  00012908    00000036     libmmwavelink_xwr14xx.aer4f : rl_controller.oer4f (.text:rlAppendSubBlock)
                  0001293e    00000036     rtsv7R4_T_le_v3D16_eabi.lib : strncpy.obj (.text)
                  00012974    00000034     libadcbuf_xwr14xx.aer4f : ADCBuf.oer4f (.text:ADCBuf_open)
                  000129a8    00000034     libedma_xwr14xx.aer4f : edma.oer4f (.text:EDMA_configTransferControllerError)
                  000129dc    00000034     libmmwave_xwr14xx.aer4f : mmwave_link.oer4f (.text:MMWave_mboxWrite)
                  00012a10    00000034     libsoc_xwr14xx.aer4f : soc.oer4f (.text:SOC_getDevicePartNumber)
                  00012a44    00000034     libuart_xwr14xx.aer4f : UART.oer4f (.text:UART_open)
                  00012a78    00000006     libedma_xwr14xx.aer4f : edma_low_level.oer4f (.text:EDMA3GetCCErrStatus)
                  00012a7e    00000002     --HOLE-- [fill = 0]
                  00012a80    00000034     sysbios.aer4ft : BIOS.obj (.text:ti_sysbios_hal_Hwi_checkStack)
                  00012ab4    00000034     mss_per4ft.oer4ft (.text:ti_sysbios_knl_Semaphore_create)
                  00012ae8    00000034     ti.targets.arm.rtsarm.aer4ft : Core-label.oer4ft (.text:xdc_runtime_Core_assignLabel__I)
                  00012b1c    00000034                                  : Text.oer4ft (.text:xdc_runtime_Text_cordText__E)
                  00012b50    00000033                                  : Text.oer4ft (.text:xdc_runtime_Text_printVisFxn__I)
                  00012b83    00000001     --HOLE-- [fill = 0]
                  00012b84    00000032     libcrc_xwr14xx.aer4f : crc.oer4f (.text:CRC_getCRCDataSelectBitValue)
                  00012bb6    00000002     --HOLE-- [fill = 0]
                  00012bb8    00000032                          : crc.oer4f (.text:CRC_getCRCTypeBitValue)
                  00012bea    00000032     libedma_xwr14xx.aer4f : edma.oer4f (.text:EDMA_configQueueThreshold)
                  00012c1c    00000004     libmmwave_xwr14xx.aer4f : mmwave_listlib.oer4f (.text:MMWave_listGetNext)
                  00012c20    00000032     sysbios.aer4ft : BIOS.obj (.text:ti_sysbios_hal_Hwi_initStack)
                  00012c52    00000002     --HOLE-- [fill = 0]
                  00012c54    00000030     libadcbuf_xwr14xx.aer4f : ADCBuf.oer4f (.text:ADCBuf_init)
                  00012c84    00000030     libcbuff_xwr14xx.aer4f : cbuff_transfer.oer4f (.text:CBUFF_addCQLLEntry)
                  00012cb4    00000030     libmmwave_xwr14xx.aer4f : mmwave_listlib.oer4f (.text:MMWave_listRemoveNode)
                  00012ce4    00000030     libmmwavelink_xwr14xx.aer4f : rl_sensor.oer4f (.text:rlSensorStart)
                  00012d14    00000030     mss_per4ft.oer4ft (.text:ti_sysbios_BIOS_atExitFunc__I)
                  00012d44    00000030     mss_per4ft.oer4ft (.text:ti_sysbios_BIOS_startFunc__I)
                  00012d74    0000000c     ti.targets.arm.rtsarm.aer4ft : SysStd.oer4ft (.text:xdc_runtime_SysStd_exit__E)
                  00012d80    00000030     sysbios.aer4ft : BIOS.obj (.text:ti_sysbios_family_arm_TaskSupport_start__E)
                  00012db0    00000030     mss_per4ft.oer4ft (.text:ti_sysbios_gates_GateHwi_Object__create__S)
                  00012de0    00000030     mss_per4ft.oer4ft (.text:ti_sysbios_gates_GateMutex_Object__create__S)
                  00012e10    00000030     mss_per4ft.oer4ft (.text:ti_sysbios_heaps_HeapMem_Object__create__S)
                  00012e40    00000030     sysbios.aer4ft : BIOS.obj (.text:ti_sysbios_heaps_HeapMem_free__E)
                  00012e70    00000030     mss_per4ft.oer4ft (.text:ti_sysbios_knl_Semaphore_construct)
                  00012ea0    00000030     ti.targets.arm.rtsarm.aer4ft : System.oer4ft (.text:xdc_runtime_System_processAtExit__E)
                  00012ed0    0000002e     libmmwave_xwr14xx.aer4f : mmwave_osal.oer4f (.text:MMWave_osalMutexCreate)
                  00012efe    0000002e                             : mmwave_osal.oer4f (.text:MMWave_osalSemCreate)
                  00012f2c    0000002e     rtsv7R4_T_le_v3D16_eabi.lib : strcasecmp.obj (.text)
                  00012f5a    00000006     libedma_xwr14xx.aer4f : edma_low_level.oer4f (.text:EDMA3GetErrIntrStatus)
                  00012f60    0000002e     sysbios.aer4ft : BIOS.obj (.text:ti_sysbios_knl_Semaphore_pendTimeout__I)
                  00012f8e    0000002e     mss_per4ft.oer4ft (.text:ti_sysbios_rts_gnu_MemAlloc_alloc)
                  00012fbc    0000002e     ti.targets.arm.rtsarm.aer4ft : System.oer4ft (.text:xdc_runtime_System_putchar__I)
                  00012fea    00000002     --HOLE-- [fill = 0]
                  00012fec    0000002c     libedma_xwr14xx.aer4f : edma.oer4f (.text:EDMA_setDestinationAddress)
                  00013018    0000002c                           : edma.oer4f (.text:EDMA_validate_channelIdchannelType)
                  00013044    0000002c     libsoc_xwr14xx.aer4f : soc_xwr14xx.oer4f (.text:SOC_waitBSSPowerUp)
                  00013070    0000002c     framework_ipc_local.oer4f (.text:TestFmk_IPCLocalInit)
                  0001309c    0000002c     libmmwavelink_xwr14xx.aer4f : rl_device.oer4f (.text:rlDeviceGetMssVersion)
                  000130c8    0000002c                                 : rl_sensor.oer4f (.text:rlSensorStop)
                  000130f4    0000002c     rtsv7R4_T_le_v3D16_eabi.lib : unlink.obj (.text)
                  00013120    0000002c     mss_per4ft.oer4ft (.text:ti_sysbios_knl_Clock_doTick__I)
                  0001314c    0000002c     mss_per4ft.oer4ft (.text:ti_sysbios_knl_Queue_construct)
                  00013178    00000006     libedma_xwr14xx.aer4f : edma_low_level.oer4f (.text:EDMA3QdmaGetErrIntrStatus)
                  0001317e    00000002     --HOLE-- [fill = 0]
                  00013180    0000002c     sysbios.aer4ft : BIOS.obj (.text:ti_sysbios_knl_Swi_Module_startup__E)
                  000131ac    00000004     libmmwave_xwr14xx.aer4f : mmwave_link.oer4f (.text:MMWave_mboxClose)
                  000131b0    0000002c     sysbios.aer4ft : BIOS.obj (.text:ti_sysbios_timers_rti_Timer_periodicStub__E)
                  000131dc    0000002a     libsoc_xwr14xx.aer4f : soc.oer4f (.text:SOC_SystemISR)
                  00013206    0000002a     libmmwavelink_xwr14xx.aer4f : rl_device.oer4f (.text:rlDeviceGetMmWaveLinkVersion)
                  00013230    0000002a     rtsv7R4_T_le_v3D16_eabi.lib : strspn.obj (.text)
                  0001325a    00000002     --HOLE-- [fill = 0]
                  0001325c    00000028     libcbuff_xwr14xx.aer4f : cbuff.oer4f (.text:CBUFF_ErrorISR)
                  00013284    00000028                            : cbuff.oer4f (.text:CBUFF_FrameStartISR)
                  000132ac    00000028     lvds_stream.oer4f (.text:TestFmkLVDSStream_close)
                  000132d4    00000028     libuart_xwr14xx.aer4f : uartsci_nodma.oer4f (.text:UartSci_noDMAInitiateRxDMA)
                  000132fc    00000028                           : uartsci_nodma.oer4f (.text:UartSci_noDMAInitiateTxDMA)
                  00013324    00000028     libmmwavelink_xwr14xx.aer4f : rl_driver.oer4f (.text:rlDriverConstructInMsg)
                  0001334c    00000028     rtsv7R4_T_le_v3D16_eabi.lib : lseek.obj (.text)
                  00013374    00000028                                 : write.obj (.text)
                  0001339c    00000004     libmmwave_xwr14xx.aer4f : mmwave_link.oer4f (.text:MMWave_mboxRead)
                  000133a0    00000028     sysbios.aer4ft : BIOS.obj (.text:ti_sysbios_knl_Idle_run__E)
                  000133c8    00000026     libmmwavelink_xwr14xx.aer4f : rl_monitoring.oer4f (.text:rlRfAnaMonConfig)
                  000133ee    00000026                                 : rl_sensor.oer4f (.text:rlRfInitCalibConfig)
                  00013414    00000026                                 : rl_sensor.oer4f (.text:rlRfRunTimeCalibConfig)
                  0001343a    00000026                                 : rl_monitoring.oer4f (.text:rlRfRxIfSatMonConfig)
                  00013460    00000026                                 : rl_monitoring.oer4f (.text:rlRfRxSigImgMonConfig)
                  00013486    00000026                                 : rl_sensor.oer4f (.text:rlRfSetCalMonFreqLimitConfig)
                  000134ac    00000026                                 : rl_sensor.oer4f (.text:rlRfSetDeviceCfg)
                  000134d2    00000026                                 : rl_sensor.oer4f (.text:rlSetAdcOutConfig)
                  000134f8    00000026                                 : rl_sensor.oer4f (.text:rlSetBpmCommonConfig)
                  0001351e    00000026                                 : rl_sensor.oer4f (.text:rlSetChannelConfig)
                  00013544    00000026                                 : rl_sensor.oer4f (.text:rlSetContModeConfig)
                  0001356a    00000026     rtsv7R4_T_le_v3D16_eabi.lib : memcmp.obj (.text)
                  00013590    00000026     ti.targets.arm.rtsarm.aer4ft : System.oer4ft (.text:xdc_runtime_System_avprintf__E)
                  000135b6    00000024     libcrc_xwr14xx.aer4f : crc.oer4f (.text:CRC_isTransactionIdValid)
                  000135da    00000002     --HOLE-- [fill = 0]
                  000135dc    00000024     libedma_xwr14xx.aer4f : edma_low_level.oer4f (.text:EDMA3ClrEvt)
                  00013600    00000024                           : edma_low_level.oer4f (.text:EDMA3ClrIntr)
                  00013624    00000024                           : edma_low_level.oer4f (.text:EDMA3DisableEvtIntr)
                  00013648    00000024                           : edma_low_level.oer4f (.text:EDMA3EnableDmaEvt)
                  0001366c    00000024                           : edma_low_level.oer4f (.text:EDMA3EnableEvtIntr)
                  00013690    00000024                           : edma_low_level.oer4f (.text:EDMA3SetEvt)
                  000136b4    00000024     libhsiheader_xwr14xx.aer4f : hsiheader.oer4f (.text:HSIHeader_processUserBuffer)
                  000136d8    00000024     libmailbox_xwr14xx.aer4f : mailbox.oer4f (.text:Mailbox_Config_init)
                  000136fc    00000024     libmmwavelink_xwr14xx.aer4f : rl_device.oer4f (.text:rlDeviceSetHsiClk)
                  00013720    00000024                                 : rl_sensor.oer4f (.text:rlEnableContMode)
                  00013744    00000024                                 : rl_sensor.oer4f (.text:rlRfSetCalMonTimeUnitConfig)
                  00013768    00000024                                 : rl_sensor.oer4f (.text:rlSetLowPowerModeConfig)
                  0001378c    00000024     mss_per4ft.oer4ft (.text:ti_sysbios_BIOS_errorRaiseHook__I)
                  000137b0    00000024     mss_per4ft.oer4ft (.text:ti_sysbios_BIOS_registerRTSLock__I)
                  000137d4    00000024     mss_per4ft.oer4ft (.text:ti_sysbios_BIOS_removeRTSLock__I)
                  000137f8    00000024     mss_per4ft.oer4ft (.text:ti_sysbios_gates_GateMutex_Object__delete__S)
                  0001381c    00000024     mss_per4ft.oer4ft (.text:ti_sysbios_knl_Semaphore_Object__delete__S)
                  00013840    00000024     sysbios.aer4ft : BIOS.obj (.text:ti_sysbios_knl_Task_restoreHwi__E)
                  00013864    00000024     ti.targets.arm.rtsarm.aer4ft : System.oer4ft (.text:xdc_runtime_System_vprintf__E)
                  00013888    00000022     libcbuff_xwr14xx.aer4f : cbuff_transfer.oer4f (.text:CBUFF_initLinkedList)
                  000138aa    00000022     lvds_stream.oer4f (.text:TestFmkLVDSStream_edmaCallbackFxn)
                  000138cc    00000022     framework_ipc.oer4f (.text:TestFmk_IPCSend)
                  000138ee    00000022     framework_core.oer4f (.text:TestFmk_disableADC)
                  00013910    00000022     rtsv7R4_T_le_v3D16_eabi.lib : strcspn.obj (.text)
                  00013932    00000002     --HOLE-- [fill = 0]
                  00013934    00000020     libcbuff_xwr14xx.aer4f : cbuff_csi.oer4f (.text:CBUFF_openCSI)
                  00013954    00000020     libcli_xwr14xx.aer4f : cli_mmwave.oer4f (.text:CLI_MMWaveExtensionInit)
                  00013974    00000020     libedma_xwr14xx.aer4f : edma_low_level.oer4f (.text:EDMA3DisableDmaEvt)
                  00013994    00000020                           : edma_low_level.oer4f (.text:EDMA3QdmaClrMissEvt)
                  000139b4    00000020     libesm_xwr14xx.aer4f : esm.oer4f (.text:ESM_lowpriority_IRQ)
                  000139d4    00000020     libhsiheader_xwr14xx.aer4f : hsiheader.oer4f (.text:HSIHeader_processCQ)
                  000139f4    00000020     libmmwave_xwr14xx.aer4f : mmwave_listlib.oer4f (.text:MMWave_listCat)
                  00013a14    00000020     libpinmux_xwr14xx.aer4f : pinmux.oer4f (.text:Pinmux_Unlock)
                  00013a34    00000020     framework_listlib.oer4f (.text:TestFmk_listCat)
                  00013a54    00000020     libmmwavelink_xwr14xx.aer4f : rl_sensor.oer4f (.text:rlRfInit)
                  00013a74    00000020     mss_per4ft.oer4ft (.text:ti_sysbios_family_arm_v7r_vim_Hwi_Object__delete__S)
                  00013a94    0000000a     libadcbuf_xwr14xx.aer4f : ADCBuf.oer4f (.text:ADCBuf_control)
                  00013a9e    00000002     --HOLE-- [fill = 0]
                  00013aa0    00000020     sysbios.aer4ft : BIOS.obj (.text:ti_sysbios_family_arm_v7r_vim_Hwi_disableInterrupt__E)
                  00013ac0    00000020                    : BIOS.obj (.text:ti_sysbios_family_arm_v7r_vim_Hwi_enableInterrupt__E)
                  00013ae0    00000020     mss_per4ft.oer4ft (.text:ti_sysbios_gates_GateHwi_Object__delete__S)
                  00013b00    00000020     mss_per4ft.oer4ft (.text:ti_sysbios_heaps_HeapMem_Object__delete__S)
                  00013b20    00000020     sysbios.aer4ft : BIOS.obj (.text:ti_sysbios_knl_Clock_Module_startup__E)
                  00013b40    00000020     mss_per4ft.oer4ft (.text:ti_sysbios_knl_Semaphore_destruct)
                  00013b60    00000020     ti.targets.arm.rtsarm.aer4ft : Registry.oer4ft (.text:xdc_runtime_Registry_findById__E)
                  00013b80    00000020                                  : SysStd.oer4ft (.text:xdc_runtime_SysStd_abort__E)
                  00013ba0    0000001e     libmmwave_xwr14xx.aer4f : mmwave_fullcfg.oer4f (.text:MMWave_internalDelChirp)
                  00013bbe    0000001e     framework_ipc.oer4f (.text:TestFmk_IPCInit)
                  00013bdc    0000001e     framework_ipc_local.oer4f (.text:TestFmk_IPCLocalDequeue)
                  00013bfa    0000001c     libcrc_xwr14xx.aer4f : crc.oer4f (.text:CRC_releaseTransactionId)
                  00013c16    0000001c     libadcbuf_xwr14xx.aer4f : adcbuf_mmwave.oer4f (.text:CSL_FEXTR)
                  00013c32    0000001c     libcbuff_xwr14xx.aer4f : cbuff.oer4f (.text:CSL_FEXTR)
                  00013c4e    0000001c                            : cbuff_lvds.oer4f (.text:CSL_FEXTR)
                  00013c6a    0000001c     libhsiheader_xwr14xx.aer4f : hsiheader.oer4f (.text:CSL_FEXTR)
                  00013c86    0000001c     libmmwave_xwr14xx.aer4f : mmwave.oer4f (.text:CSL_FEXTR)
                  00013ca2    0000001c     libsoc_xwr14xx.aer4f : soc.oer4f (.text:CSL_FEXTR)
                  00013cbe    0000001c                          : soc_xwr14xx.oer4f (.text:CSL_FEXTR)
                  00013cda    0000001c     libuart_xwr14xx.aer4f : uartsci.oer4f (.text:CSL_FEXTR)
                  00013cf6    00000002     --HOLE-- [fill = 0]
                  00013cf8    0000001c     cli.oer4f (.text:LVDSStream_CLISensorStart)
                  00013d14    0000001c     libmmwave_xwr14xx.aer4f : mmwave_listlib.oer4f (.text:MMWave_listRemove)
                  00013d30    0000001c     framework_listlib.oer4f (.text:TestFmk_listRemove)
                  00013d4c    0000001c     sysbios.aer4ft : arm_TaskSupport_asm.obj (.text:_ti_sysbios_family_arm_TaskSupport_glue)
                  00013d68    0000001c     rtsv7R4_T_le_v3D16_eabi.lib : memccpy.obj (.text)
                  00013d84    0000001c     mss_per4ft.oer4ft (.text:ti_sysbios_BIOS_rtsLock__I)
                  00013da0    0000001c     sysbios.aer4ft : BIOS.obj (.text:ti_sysbios_family_arm_v7r_vim_Hwi_clearInterrupt__E)
                  00013dbc    00000004     libmmwave_xwr14xx.aer4f : mmwave_link.oer4f (.text:MMWave_registerInterruptHandler)
                  00013dc0    0000001c     sysbios.aer4ft : BIOS.obj (.text:ti_sysbios_gates_GateMutex_Instance_init__E)
                  00013ddc    00000004     libmmwave_xwr14xx.aer4f : mmwave_link.oer4f (.text:MMWave_unmaskHostIRQ)
                  00013de0    0000001c     sysbios.aer4ft : BIOS.obj (.text:ti_sysbios_gates_GateMutex_leave__E)
                  00013dfc    0000001c     mss_per4ft.oer4ft (.text:ti_sysbios_knl_Queue_destruct)
                  00013e18    0000001c     ti.targets.arm.rtsarm.aer4ft : Error.oer4ft (.text:xdc_runtime_Error_check__E)
                  00013e34    0000001c                                  : Error.oer4ft (.text:xdc_runtime_Error_raiseX__E)
                  00013e50    0000001c                                  : Memory.oer4ft (.text:xdc_runtime_Memory_valloc__E)
                  00013e6c    0000001c                                  : System.oer4ft (.text:xdc_runtime_System_abort__E)
                  00013e88    0000001a     libcbuff_xwr14xx.aer4f : cbuff_lvds.oer4f (.text:CBUFF_finalizeLVDSLinkListParams)
                  00013ea2    0000001a     libedma_xwr14xx.aer4f : edma_low_level.oer4f (.text:EDMA3SetPaRAM)
                  00013ebc    0000001a     libmmwave_xwr14xx.aer4f : mmwave.oer4f (.text:MMWave_encodeError)
                  00013ed6    0000001a                             : mmwave_listlib.oer4f (.text:MMWave_listAdd)
                  00013ef0    0000001a     framework_listlib.oer4f (.text:TestFmk_listAdd)
                  00013f0a    0000001a     mss_per4ft.oer4ft (.text:free)
                  00013f24    0000001a     libmmwavelink_xwr14xx.aer4f : rl_sensor.oer4f (.text:rlGetRfDieId)
                  00013f3e    0000001a     rtsv7R4_T_le_v3D16_eabi.lib : s_copysign.obj (.text)
                  00013f58    0000001a     mss_per4ft.oer4ft (.text:ti_sysbios_gates_GateHwi_Handle__label__S)
                  00013f72    0000001a     mss_per4ft.oer4ft (.text:ti_sysbios_gates_GateMutex_Handle__label__S)
                  00013f8c    0000001a     mss_per4ft.oer4ft (.text:ti_sysbios_heaps_HeapMem_Handle__label__S)
                  00013fa6    0000001a     mss_per4ft.oer4ft (.text:xdc_runtime_System_aprintf__E)
                  00013fc0    0000001a     mss_per4ft.oer4ft (.text:xdc_runtime_System_printf__E)
                  00013fda    00000018     libcbuff_xwr14xx.aer4f : cbuff_transfer.oer4f (.text:CSL_FINSR)
                  00013ff2    00000002     --HOLE-- [fill = 0]
                  00013ff4    00000018     libedma_xwr14xx.aer4f : edma_low_level.oer4f (.text:EDMA3DisableQdmaEvt)
                  0001400c    00000018                           : edma_low_level.oer4f (.text:EDMA3EnableQdmaEvt)
                  00014024    00000018     libmmwave_xwr14xx.aer4f : mmwave_osal.oer4f (.text:MMWave_osalMutexLock)
                  0001403c    00000018                             : mmwave_osal.oer4f (.text:MMWave_osalSemWait)
                  00014054    00000018     libuart_xwr14xx.aer4f : UART.oer4f (.text:UART_Params_init)
                  0001406c    00000018     sysbios.aer4ft : arm_TaskSupport_asm.obj (.text:_ti_sysbios_family_arm_TaskSupport_swap__E)
                  00014084    00000018     libmmwavelink_xwr14xx.aer4f : rl_device.oer4f (.text:rlDeviceGetRfVersion)
                  0001409c    00000018                                 : rl_driver.oer4f (.text:rlDriverCalCRC)
                  000140b4    00000018                                 : rl_driver.oer4f (.text:rlDriverFillPayload)
                  000140cc    00000018                                 : rl_driver.oer4f (.text:rlDriverIsDeviceMapValid)
                  000140e4    00000018     rtsv7R4_T_le_v3D16_eabi.lib : args_main.obj (.text)
                  000140fc    00000018                                 : strcmp.obj (.text)
                  00014114    00000018     mss_per4ft.oer4ft (.text:ti_sysbios_BIOS_rtsUnlock__I)
                  0001412c    00000018     mss_per4ft.oer4ft (.text:ti_sysbios_family_arm_v7r_vim_Hwi_Module__startupDone__F)
                  00014144    00000018     mss_per4ft.oer4ft (.text:ti_sysbios_family_arm_v7r_vim_Hwi_Params__init__S)
                  0001415c    00000018     mss_per4ft.oer4ft (.text:ti_sysbios_knl_Semaphore_Params__init__S)
                  00014174    00000018     mss_per4ft.oer4ft (.text:ti_sysbios_knl_Task_Params__init__S)
                  0001418c    00000004     libmmwave_xwr14xx.aer4f : mmwave_link.oer4f (.text:MMWave_waitIRQStatus)
                  00014190    00000018     sysbios.aer4ft : BIOS.obj (.text:ti_sysbios_knl_Task_enter__I)
                  000141a8    00000018     mss_per4ft.oer4ft (.text:ti_sysbios_timers_rti_Timer_Module__startupDone__F)
                  000141c0    00000018     ti.targets.arm.rtsarm.aer4ft : Error.oer4ft (.text:xdc_runtime_Error_init__E)
                  000141d8    00000018                                  : System.oer4ft (.text:xdc_runtime_System_exit__E)
                  000141f0    00000018                                  : Text.oer4ft (.text:xdc_runtime_Text_ropeText__E)
                  00014208    00000016     libcbuff_xwr14xx.aer4f : cbuff_transfer.oer4f (.text:CBUFF_shutdownTransfer)
                  0001421e    00000016     framework_ipc.oer4f (.text:TestFmk_IPCMsgInit)
                  00014234    00000016     rtsv7R4_T_le_v3D16_eabi.lib : strchr.obj (.text)
                  0001424a    00000016                                 : strlen.obj (.text)
                  00014260    00000016     mss_per4ft.oer4ft (.text:ti_sysbios_BIOS_exitFunc__I)
                  00014276    0000000a     libadcbuf_xwr14xx.aer4f : ADCBuf.oer4f (.text:ADCBuf_getChanBufAddr)
                  00014280    00000016     sysbios.aer4ft : BIOS.obj (.text:ti_sysbios_knl_Idle_loop__E)
                  00014296    0000000a     libosal_xwr14xx.aer4f : MemoryP_tirtos.oer4f (.text:MemoryP_ctrlFree)
                  000142a0    00000016     sysbios.aer4ft : BIOS.obj (.text:ti_sysbios_knl_Task_sleepTimeout__I)
                  000142b6    00000002     --HOLE-- [fill = 0]
                  000142b8    00000014     libcli_xwr14xx.aer4f : cli_mmwave.oer4f (.text:CLI_getMMWaveExtensionOpenConfig)
                  000142cc    00000014     libcbuff_xwr14xx.aer4f : cbuff_csi.oer4f (.text:CSL_FINSR)
                  000142e0    00000014     libedma_xwr14xx.aer4f : edma_low_level.oer4f (.text:EDMA3GetIntrStatus)
                  000142f4    00000014                           : edma_low_level.oer4f (.text:EDMA3IntrStatusHighGet)
                  00014308    00000014                           : edma_low_level.oer4f (.text:EDMA3MapQdmaChToPaRAM)
                  0001431c    00000014     libosal_xwr14xx.aer4f : HwiP_tirtos.oer4f (.text:HwiP_Params_init)
                  00014330    00000014     libmmwave_xwr14xx.aer4f : mmwave_fullcfg.oer4f (.text:MMWave_internalDelBpmChirp)
                  00014344    00000014                             : mmwave_fullcfg.oer4f (.text:MMWave_internalDelProfile)
                  00014358    00000014                             : mmwave_osal.oer4f (.text:MMWave_osalMutexDelete)
                  0001436c    00000014                             : mmwave_osal.oer4f (.text:MMWave_osalSemDelete)
                  00014380    00000014     libpinmux_xwr14xx.aer4f : pinmux.oer4f (.text:Pinmux_Lock)
                  00014394    00000014     framework_core.oer4f (.text:TestFmk_synch)
                  000143a8    00000014     libosal_xwr14xx.aer4f : DebugP_tirtos.oer4f (.text:_DebugP_assert)
                  000143bc    00000014     libmmwavelink_xwr14xx.aer4f : rl_controller.oer4f (.text:rlAppendDummy)
                  000143d0    00000014     rtsv7R4_T_le_v3D16_eabi.lib : _lock.obj (.text)
                  000143e4    00000014                                 : strcpy.obj (.text)
                  000143f8    00000014     mss_per4ft.oer4ft (.text:ti_sysbios_heaps_HeapMem_Object__get__S)
                  0001440c    00000014     mss_per4ft.oer4ft (.text:ti_sysbios_knl_Swi_Object__get__S)
                  00014420    00000012     libcrc_xwr14xx.aer4f : crc.oer4f (.text:CRC_initConfigParams)
                  00014432    00000012     libedma_xwr14xx.aer4f : edma_low_level.oer4f (.text:EDMA3SetQdmaTrigWord)
                  00014444    00000012     libosal_xwr14xx.aer4f : MemoryP_tirtos.oer4f (.text:MemoryP_ctrlAlloc)
                  00014456    00000012                           : SemaphoreP_tirtos.oer4f (.text:SemaphoreP_pend)
                  00014468    00000012     lvds_stream.oer4f (.text:TestFmkLVDSStream_chirpAvailable)
                  0001447a    00000012     framework_core.oer4f (.text:TestFmk_chirpISR)
                  0001448c    00000012     framework_core.oer4f (.text:TestFmk_frameStartISR)
                  0001449e    00000002     --HOLE-- [fill = 0]
                  000144a0    00000012     sysbios.aer4ft : BIOS.obj (.text:ti_sysbios_hal_Hwi_Module_startup__E)
                  000144b2    00000012     mss_per4ft.oer4ft (.text:xdc_runtime_Startup_exec__I)
                  000144c4    00000010     libcrc_xwr14xx.aer4f : crc.oer4f (.text:CRC_getSignatureRegister)
                  000144d4    00000010     libhsiheader_xwr14xx.aer4f : hsiheader.oer4f (.text:HSIHeader_deinit)
                  000144e4    00000010     libsoc_xwr14xx.aer4f : soc_xwr14xx.oer4f (.text:SOC_getInAddr_LUTType)
                  000144f4    0000000a     libosal_xwr14xx.aer4f : SemaphoreP_tirtos.oer4f (.text:SemaphoreP_post)
                  000144fe    00000002     --HOLE-- [fill = 0]
                  00014500    00000010     sysbios.aer4ft : BIOS.obj (.text:ti_sysbios_BIOS_setThreadType__E)
                  00014510    00000010                    : BIOS.obj (.text:ti_sysbios_BIOS_start__E)
                  00014520    00000010                    : BIOS.obj (.text:ti_sysbios_gates_GateMutex_Instance_finalize__E)
                  00014530    00000010     mss_per4ft.oer4ft (.text:ti_sysbios_heaps_HeapBuf_Object__get__S)
                  00014540    00000010     sysbios.aer4ft : BIOS.obj (.text:ti_sysbios_knl_Semaphore_Instance_finalize__E)
                  00014550    00000010                    : BIOS.obj (.text:ti_sysbios_knl_Swi_disable__E)
                  00014560    00000010     mss_per4ft.oer4ft (.text:ti_sysbios_knl_Task_Object__get__S)
                  00014570    00000010     sysbios.aer4ft : BIOS.obj (.text:ti_sysbios_knl_Task_disable__E)
                  00014580    00000010     ti.targets.arm.rtsarm.aer4ft : Gate.oer4ft (.text:xdc_runtime_Gate_leaveSystem__E)
                  00014590    00000010                                  : Memory.oer4ft (.text:xdc_runtime_Memory_free__E)
                  000145a0    00000010                                  : System.oer4ft (.text:xdc_runtime_System_vsnprintf__E)
                  000145b0    00000010     mss_per4ft.oer4ft (.text:xdc_runtime_Text_visitRope__I)
                  000145c0    0000000e     libadcbuf_xwr14xx.aer4f : ADCBuf.oer4f (.text:ADCBuf_Params_init)
                  000145ce    0000000e     libmmwave_xwr14xx.aer4f : mmwave.oer4f (.text:MMWave_decodeErrorLevel)
                  000145dc    0000000e     libsoc_xwr14xx.aer4f : soc_xwr14xx.oer4f (.text:SOC_microDelay)
                  000145ea    0000000e     libosal_xwr14xx.aer4f : SemaphoreP_tirtos.oer4f (.text:SemaphoreP_delete)
                  000145f8    0000000e     rtsv7R4_T_le_v3D16_eabi.lib : copy_decompress_none.obj (.text:decompress:none)
                  00014606    0000000a     libuart_xwr14xx.aer4f : UART.oer4f (.text:UART_read)
                  00014610    0000000e     sysbios.aer4ft : BIOS.obj (.text:ti_sysbios_knl_Queue_empty__E)
                  0001461e    00000002     --HOLE-- [fill = 0]
                  00014620    0000000c                    : BIOS.obj (.text:ti_sysbios_family_arm_TaskSupport_checkStack__E)
                  0001462c    00000004     framework_xwr14xx.oer4f (.text:TestFmk_IPCRemoteInit)
                  00014630    0000000c     sysbios.aer4ft : BIOS.obj (.text:ti_sysbios_family_arm_TaskSupport_getStackAlignment__E)
                  0001463c    00000004     framework_xwr14xx.oer4f (.text:TestFmk_IPCRemoteRecv)
                  00014640    0000000c     sysbios.aer4ft : BIOS.obj (.text:ti_sysbios_family_arm_exc_Exception_Module_startup__E)
                  0001464c    00000004     framework_xwr14xx.oer4f (.text:TestFmk_IPCRemoteSend)
                  00014650    0000000c     sysbios.aer4ft : BIOS.obj (.text:ti_sysbios_family_arm_v7r_vim_Hwi_switchFromBootStack__E)
                  0001465c    0000000a     libuart_xwr14xx.aer4f : UART.oer4f (.text:UART_write)
                  00014666    0000000a                           : UART.oer4f (.text:UART_writePolling)
                  00014670    0000000a     sysbios.aer4ft : tms570_Core_asm.obj (.text:ti_sysbios_family_arm_v7r_tms570_Core_getId__E)
                  0001467a    0000000a     mss_per4ft.oer4ft (.text:xdc_runtime_IHeap_alloc)
                  00014684    0000000a     mss_per4ft.oer4ft (.text:xdc_runtime_IHeap_free)
                  0001468e    00000002     --HOLE-- [fill = 0]
                  00014690    00000008     sysbios.aer4ft : BIOS.obj (.text:ti_sysbios_gates_GateHwi_enter__E)
                  00014698    00000006     libosal_xwr14xx.aer4f : HwiP_tirtos.oer4f (.text:HwiP_restore)
                  0001469e    00000006     libmmwavelink_xwr14xx.aer4f : rl_controller.oer4f (.text:rlGetSubBlockId)
                  000146a4    00000006                                 : rl_controller.oer4f (.text:rlGetSubBlockLen)
                  000146aa    00000006     ti.targets.arm.rtsarm.aer4ft : System.oer4ft (.text:xdc_runtime_System_Module_startup__E)
                  000146b0    00000006     sysbios.aer4ft : BIOS.obj (.text:ti_sysbios_family_arm_v7r_vim_Hwi_startup__E)
                  000146b6    00000004     libuart_xwr14xx.aer4f : uartsci_nodma.oer4f (.text:UartSci_noDMAClose)
                  000146ba    00000004                           : uartsci_nodma.oer4f (.text:UartSci_noDMAIsDMAEnabled)
                  000146be    00000002     --HOLE-- [fill = 0]
                  000146c0    00000006     sysbios.aer4ft : BIOS.obj (.text:ti_sysbios_gates_GateHwi_leave__E)
                  000146c6    00000004     libuart_xwr14xx.aer4f : uartsci_nodma.oer4f (.text:UartSci_noDMAOpen)
                  000146ca    00000004     mss_per4ft.oer4ft (.text:ti_sysbios_BIOS_RtsGateProxy_enter__E)
                  000146ce    00000002     --HOLE-- [fill = 0]
                  000146d0    00000006     sysbios.aer4ft : BIOS.obj (.text:ti_sysbios_heaps_HeapMem_isBlocking__E)
[...]
00016ca8  ti_sysbios_heaps_HeapMem_reqAlign__C                                 
00016cac  ti_sysbios_knl_Clock_LM_begin__C                                     
00016cb0  ti_sysbios_knl_Clock_LM_tick__C                                      
00016cb4  ti_sysbios_knl_Clock_LW_delayed__C                                   
00016cb8  ti_sysbios_knl_Clock_Module_State_clockQ__O                          
00016cbc  ti_sysbios_knl_Clock_Module__diagsEnabled__C                         
00016cc0  ti_sysbios_knl_Clock_Module__diagsIncluded__C                        
00016cc4  ti_sysbios_knl_Clock_Module__diagsMask__C                            
00016cc8  ti_sysbios_knl_Clock_Module__loggerFxn1__C                           
00016ccc  ti_sysbios_knl_Clock_Module__loggerFxn2__C                           
00016cd0  ti_sysbios_knl_Clock_Module__loggerObj__C                            
00016cd4  ti_sysbios_knl_Idle_funcList__A                                      
00016cd8  ti_sysbios_knl_Semaphore_A_badContext__C                             
00016cdc  ti_sysbios_knl_Semaphore_A_noEvents__C                               
00016ce0  ti_sysbios_knl_Semaphore_A_overflow__C                               
00016ce4  ti_sysbios_knl_Semaphore_A_pendTaskDisabled__C                       
00016ce8  ti_sysbios_knl_Semaphore_Instance_State_pendQ__O                     
00016cec  ti_sysbios_knl_Semaphore_LM_pend__C                                  
00016cf0  ti_sysbios_knl_Semaphore_LM_post__C                                  
00016cf4  ti_sysbios_knl_Semaphore_Module__diagsEnabled__C                     
00016cf8  ti_sysbios_knl_Semaphore_Module__diagsIncluded__C                    
00016cfc  ti_sysbios_knl_Semaphore_Module__diagsMask__C                        
00016d00  ti_sysbios_knl_Semaphore_Module__loggerFxn2__C                       
00016d04  ti_sysbios_knl_Semaphore_Module__loggerFxn4__C                       
00016d08  ti_sysbios_knl_Semaphore_Module__loggerObj__C                        
00016d0c  ti_sysbios_knl_Swi_LD_end__C                                         
00016d10  ti_sysbios_knl_Swi_LM_begin__C                                       
00016d14  ti_sysbios_knl_Swi_LM_post__C                                        
00016d18  ti_sysbios_knl_Swi_Module__diagsEnabled__C                           
00016d1c  ti_sysbios_knl_Swi_Module__diagsIncluded__C                          
00016d20  ti_sysbios_knl_Swi_Module__diagsMask__C                              
00016d24  ti_sysbios_knl_Swi_Module__loggerFxn1__C                             
00016d28  ti_sysbios_knl_Swi_Module__loggerFxn4__C                             
00016d2c  ti_sysbios_knl_Swi_Module__loggerObj__C                              
00016d30  ti_sysbios_knl_Swi_Object__count__C                                  
00016d34  ti_sysbios_knl_Task_A_badPriority__C                                 
00016d38  ti_sysbios_knl_Task_A_badTaskState__C                                
00016d3c  ti_sysbios_knl_Task_A_badThreadType__C                               
00016d40  ti_sysbios_knl_Task_A_badTimeout__C                                  
00016d44  ti_sysbios_knl_Task_A_noPendElem__C                                  
00016d48  ti_sysbios_knl_Task_A_sleepTaskDisabled__C                           
00016d4c  ti_sysbios_knl_Task_E_spOutOfBounds__C                               
00016d50  ti_sysbios_knl_Task_E_stackOverflow__C                               
00016d54  ti_sysbios_knl_Task_LD_block__C                                      
00016d58  ti_sysbios_knl_Task_LD_exit__C                                       
00016d5c  ti_sysbios_knl_Task_LD_ready__C                                      
00016d60  ti_sysbios_knl_Task_LM_sleep__C                                      
00016d64  ti_sysbios_knl_Task_LM_switch__C                                     
00016d68  ti_sysbios_knl_Task_Module_State_inactiveQ__O                        
00016d6c  ti_sysbios_knl_Task_Module__diagsEnabled__C                          
00016d70  ti_sysbios_knl_Task_Module__diagsIncluded__C                         
00016d74  ti_sysbios_knl_Task_Module__diagsMask__C                             
00016d78  ti_sysbios_knl_Task_Module__loggerFxn2__C                            
00016d7c  ti_sysbios_knl_Task_Module__loggerFxn4__C                            
00016d80  ti_sysbios_knl_Task_Module__loggerObj__C                             
00016d84  ti_sysbios_knl_Task_Object__count__C                                 
00016d88  ti_sysbios_knl_Task_allBlockedFunc__C                                
00016d8c  ti_sysbios_knl_Task_defaultStackHeap__C                              
00016d90  ti_sysbios_knl_Task_defaultStackSize__C                              
00016d94  ti_sysbios_knl_Task_numConstructedTasks__C                           
00016d98  ti_sysbios_timers_rti_Timer_E_cannotSupport__C                       
00016d9c  ti_sysbios_timers_rti_Timer_Module__diagsEnabled__C                  
00016da0  ti_sysbios_timers_rti_Timer_Module__diagsIncluded__C                 
00016da4  ti_sysbios_timers_rti_Timer_Module__diagsMask__C                     
00016da8  ti_sysbios_timers_rti_Timer_numTimerDevices__C                       
00016dac  ti_sysbios_timers_rti_Timer_startupNeeded__C                         
00016db0  xdc_runtime_Assert_E_assertFailed__C                                 
00016db4  xdc_runtime_Core_A_initializedParams__C                              
00016db8  xdc_runtime_Core_Module__diagsEnabled__C                             
00016dbc  xdc_runtime_Core_Module__diagsIncluded__C                            
00016dc0  xdc_runtime_Core_Module__diagsMask__C                                
00016dc4  xdc_runtime_Error_E_memory__C                                        
00016dc8  xdc_runtime_Error_Module__diagsEnabled__C                            
00016dcc  xdc_runtime_Error_Module__diagsIncluded__C                           
00016dd0  xdc_runtime_Error_Module__diagsMask__C                               
00016dd4  xdc_runtime_Error_Module__loggerFxn8__C                              
00016dd8  xdc_runtime_Error_Module__loggerObj__C                               
00016ddc  xdc_runtime_Error_policyFxn__C                                       
00016de0  xdc_runtime_Error_raiseHook__C                                       
00016de4  xdc_runtime_IGateProvider_Interface__BASE__C                         
00016de8  xdc_runtime_IHeap_Interface__BASE__C                                 
00016dec  xdc_runtime_IModule_Interface__BASE__C                               
00016df0  xdc_runtime_Log_L_error__C                                           
00016df4  xdc_runtime_Main_Module__diagsEnabled__C                             
00016df8  xdc_runtime_Main_Module__diagsIncluded__C                            
00016dfc  xdc_runtime_Main_Module__diagsMask__C                                
00016e00  xdc_runtime_Main_Module__loggerFxn1__C                               
00016e04  xdc_runtime_Main_Module__loggerFxn2__C                               
00016e08  xdc_runtime_Main_Module__loggerFxn4__C                               
00016e0c  xdc_runtime_Main_Module__loggerObj__C                                
00016e10  xdc_runtime_Memory_defaultHeapInstance__C                            
00016e14  xdc_runtime_Startup_execImpl__C                                      
00016e18  xdc_runtime_Startup_maxPasses__C                                     
00016e1c  xdc_runtime_Startup_sfxnRts__C                                       
00016e20  xdc_runtime_Startup_sfxnTab__C                                       
00016e24  xdc_runtime_System_Module__gateObj__C                                
00016e28  xdc_runtime_System_abortFxn__C                                       
00016e2c  xdc_runtime_System_exitFxn__C                                        
00016e30  xdc_runtime_System_extendFxn__C                                      
00016e34  xdc_runtime_System_maxAtexitHandlers__C                              
00016e38  xdc_runtime_Text_charTab__C                                          
00016e3c  xdc_runtime_Text_nameEmpty__C                                        
00016e40  xdc_runtime_Text_nameStatic__C                                       
00016e44  xdc_runtime_Text_nameUnknown__C                                      
00016e48  xdc_runtime_Text_nodeTab__C                                          
00016e4c  xdc_runtime_Text_visitRopeFxn__C                                     
00016e50  ti_sysbios_family_arm_v7r_tms570_Core_Module__id__C                  
00016e52  ti_sysbios_family_arm_v7r_vim_Hwi_Module__id__C                      
00016e54  ti_sysbios_family_arm_v7r_vim_Hwi_Module__loggerDefined__C           
00016e56  ti_sysbios_gates_GateMutex_Module__id__C                             
00016e58  ti_sysbios_hal_Hwi_Module__id__C                                     
00016e5a  ti_sysbios_heaps_HeapMem_Module__id__C                               
00016e5c  ti_sysbios_knl_Clock_Module__id__C                                   
00016e5e  ti_sysbios_knl_Clock_Module__loggerDefined__C                        
00016e60  ti_sysbios_knl_Semaphore_Module__id__C                               
00016e62  ti_sysbios_knl_Semaphore_Module__loggerDefined__C                    
00016e64  ti_sysbios_knl_Swi_Module__id__C                                     
00016e66  ti_sysbios_knl_Swi_Module__loggerDefined__C                          
00016e68  ti_sysbios_knl_Task_Module__id__C                                    
00016e6a  ti_sysbios_knl_Task_Module__loggerDefined__C                         
00016e6c  ti_sysbios_timers_rti_Timer_Module__id__C                            
00016e6e  ti_sysbios_timers_rti_Timer_continueOnSuspend__C                     
00016e70  xdc_runtime_Core_Module__id__C                                       
00016e72  xdc_runtime_Error_Module__loggerDefined__C                           
00016e74  xdc_runtime_Error_maxDepth__C                                        
00016e76  xdc_runtime_Main_Module__id__C                                       
00016e78  xdc_runtime_Main_Module__loggerDefined__C                            
00016e7a  xdc_runtime_Memory_Module__id__C                                     
00016e7c  xdc_runtime_Text_charCnt__C                                          
00016e7e  xdc_runtime_Text_isLoaded__C                                         
00016e80  xdc_runtime_Text_registryModsLastId__C                               
00016e82  xdc_runtime_Text_unnamedModsLastId__C                                
000172f8  __TI_Handler_Table_Base                                              
00017304  __TI_Handler_Table_Limit                                             
00017330  __TI_CINIT_Base                                                      
00017370  __TI_CINIT_Limit                                                     
08000000  ti_sysbios_heaps_HeapMem_Instance_State_0_buf__A                     
08008000  ti_sysbios_family_arm_exc_Exception_Module_State_0_excStack_0__A     
08009000  ti_sysbios_knl_Task_Instance_State_0_stack__A                        
08009800  edmaDbg                                                              
08009a7c  gCLI                                                                 
08009c20  gLVDSStreamMCB                                                       
08009d50  __CIOBUF_                                                            
08009e70  gMMWave_MCB                                                          
08009f48  __TI_tmpnams                                                         
08009fe8  gHSIHeaderMCB                                                        
0800a070  gEsmMCB                                                              
0800a0e0  parmbuf                                                              
0800a0e8  gPtrLVDSStreamProfileMCB                                             
0800a0ec  rl_txMsg                                                             
0800a1ec  rl_rxMsg                                                             
0800a4d0  ti_sysbios_family_arm_v7r_vim_Hwi_Module_State_0_dispatchTable__A    
0800a6d0  gCLIMMWaveOpenCfg                                                    
0800a6f0  partInfoStringArray                                                  
0800a750  gCLIMMWaveExtensionTable                                             
0800a7f8  gCLIMMWaveControlCfg                                                 
0800a8c4  _ftable                                                              
0800a9b4  ti_sysbios_knl_Swi_Module_State_0_readyQ__A                          
0800aa34  ti_sysbios_knl_Task_Module_State_0_readyQ__A                         
0800aab4  _device                                                              
0800ab2c  gCBUFFHwAttribute                                                    
0800ab9c  gCBUFFInterfaceFxn                                                   
0800abf0  _stream                                                              
0800ac40  gUartSciHwCfg                                                        
0800ac90  ti_sysbios_knl_Task_Object__table__V                                 
0800acdc  gMailboxMCB                                                          
0800ad24  ti_sysbios_knl_Task_Module__state__V                                 
0800ad68  ti_sysbios_gates_GateMutex_Object__table__V                          
0800ada0  ti_sysbios_timers_rti_Timer_Object__table__V                         
0800add8  ti_sysbios_family_arm_v7r_vim_Hwi_Module__state__V                   
0800ae0c  ti_sysbios_knl_Swi_Object__table__V                                  
0800ae3c  gLVDSStreamProfileCfg                                                
0800ae68  ti_sysbios_family_arm_v7r_vim_Hwi_Object__table__V                   
0800ae94  ti_sysbios_knl_Clock_Module__state__V                                
0800aec0  gUartSciFxnTable                                                     
0800aee8  SOC_TranslateAddr_LUT                                                
0800af0c  UART_config                                                          
0800af30  ti_sysbios_BIOS_Module__state__V                                     
0800af54  xdc_runtime_Error_IgnoreBlock                                        
0800af74  xdc_runtime_System_Module_State_0_atexitHandlers__A                  
0800af94  ti_sysbios_knl_Swi_Module__state__V                                  
0800afb0  ADCBuf_config                                                        
0800afc8  gInterleavedTransferFxn                                              
0800afe0  gMailboxMssBssHwCfg                                                  
0800aff8  gMultipleChirpNonInterleavedTransferFxn                              
0800b010  gNonInterleavedTransferFxn                                           
0800b028  ti_sysbios_heaps_HeapMem_Object__table__V                            
0800b040  ti_sysbios_timers_rti_Timer_Module_State_0_device__A                 
0800b058  ti_sysbios_family_arm_exc_Exception_Module__state__V                 
0800b06c  gSOCHwAttrib                                                         
0800b07c  __TI_ft_end                                                          
0800b080  __aeabi_stdin                                                        
0800b084  __aeabi_stdout                                                       
0800b088  __aeabi_stderr                                                       
0800b08c  ti_sysbios_timers_rti_Timer_Module_State_0_intFreqs__A               
0800b09c  ti_sysbios_timers_rti_Timer_Module__state__V                         
0800b0ac  __TI_cleanup_ptr                                                     
0800b0b0  __TI_dtors_ptr                                                       
0800b0b4  __TI_enable_exit_profile_output                                      
0800b0b8  gESMHwCfgAttrs                                                       
0800b0c4  _lock                                                                
0800b0c8  _unlock                                                              
0800b0cc  gTestFmkHwAttrib                                                     
0800b0d4  ti_sysbios_family_arm_v7r_vim_Hwi_Module__root__V                    
0800b0dc  ti_sysbios_gates_GateHwi_Module__root__V                             
0800b0e4  ti_sysbios_gates_GateMutex_Module__root__V                           
0800b0ec  ti_sysbios_hal_Hwi_Object__table__V                                  
0800b0f4  ti_sysbios_heaps_HeapMem_Module__root__V                             
0800b0fc  ti_sysbios_knl_Queue_Module__root__V                                 
0800b104  ti_sysbios_knl_Semaphore_Module__root__V                             
0800b10c  ti_sysbios_knl_Task_Module__root__V                                  
0800b114  ti_sysbios_timers_rti_Timer_Module_State_0_handles__A                
0800b11c  xdc_runtime_Registry_Module__state__V                                
0800b124  xdc_runtime_Startup_Module__state__V                                 
0800b12c  xdc_runtime_System_Module__state__V                                  
0800b138  gCRCRegister                                                         
0800b13c  regionId                                                             
0800b140  gPinmuxRegs                                                          
0800b148  errno                                                                
0800b154  main_func_sp                                                         
0800b15c  ti_sysbios_family_arm_exc_Exception_Module_State_0_excContext__A     
0800b160  ti_sysbios_family_arm_exc_Exception_Module_State_0_excStackBuffers__A
0800b164  ti_sysbios_family_arm_exc_Exception_Module_State_0_excStack__A       
0800b168  ti_sysbios_gates_GateHwi_Object__table__V                            
0800b16c  ti_sysbios_heaps_HeapBuf_Module__state__V                            
0800b170  ti_sysbios_knl_Task_Module_State_0_idleTask__A                       
0800b174  xdc_runtime_Memory_Module__state__V                                  
0800b178  ti_sysbios_family_arm_exc_Exception_Module_State_0_excActive__A      
0800b17a  xdc_runtime_Error_Module__state__V                                   
0800b17c  __stack                                                              
0800c17c  __STACK_END                                                          
0800c180  ti_sysbios_family_arm_v7r_vim_Hwi_Module_State_0_fiqStack__A         
0800c980  gSwBuffer2                                                           
51000000  gDataCube                                                            
51004000  gHWSessionHSIHeader                                                  
51004100  gSWSessionHSIHeader                                                  
51004200  gSwBuffer1                                                           
fffffdec  ti_sysbios_family_arm_v7r_vim_Hwi_vim                                
ffffffff  __TI_pprof_out_hndl                                                  
ffffffff  __TI_prof_data_size                                                  
ffffffff  __TI_prof_data_start                                                 
ffffffff  __binit__                                                            
ffffffff  __c_args__                                                           
ffffffff  binit                                                                
UNDEFED   SHT$$INIT_ARRAY$$Base                                                
UNDEFED   SHT$$INIT_ARRAY$$Limit                                               

[1000 symbols]
